******************************************************************************
                  TI ARM Linker PC v20.2.2                     
******************************************************************************
>> Linked Sun Apr 25 09:19:52 2021

OUTPUT FILE NAME:   <gpiointerrupt_CC3220S_LAUNCHXL_nortos_ccs.out>
ENTRY POINT SYMBOL: "resetISR"  address: 2000e1e5


MEMORY CONFIGURATION

         name            origin    length      used     unused   attr    fill
----------------------  --------  ---------  --------  --------  ----  --------
  SRAM2                 20000000   00004000  0000130c  00002cf4  RW X
  SRAM                  20004000   0003c000  0000aed7  00031129  RW X
  LOG_DATA              90000000   00040000  00000000  00040000  R   


SEGMENT ALLOCATION MAP

run origin  load origin   length   init length attrs members
----------  ----------- ---------- ----------- ----- -------
20003000    20003000    00001000   00000000    rw-
  20003000    20003000    00001000   00000000    rw- .stack
20004000    20004000    00000040   00000040    r--
  20004000    20004000    00000040   00000040    r-- .resetVecs
20004040    20004040    00008000   00000000    rw-
  20004040    20004040    00008000   00000000    rw- .sysmem
2000c040    2000c040    000023cc   000023cc    r-x
  2000c040    2000c040    000023cc   000023cc    r-x .text
2000e40c    2000e40c    000005b9   00000000    rw-
  2000e40c    2000e40c    000005b9   00000000    rw- .data
2000e9c8    2000e9c8    0000029a   0000029a    r--
  2000e9c8    2000e9c8    0000029a   0000029a    r-- .const
2000ec68    2000ec68    00000188   00000000    rw-
  2000ec68    2000ec68    00000188   00000000    rw- .bss
2000edf0    2000edf0    000000f0   000000f0    r--
  2000edf0    2000edf0    000000f0   000000f0    r-- .cinit


SECTION ALLOCATION MAP

 output                                  attributes/
section   page    origin      length       input sections
--------  ----  ----------  ----------   ----------------
.text      0    2000c040    000023cc     
                  2000c040    0000042c     driverlib.a : prcm.obj (.text:PRCMCC3200MCUInit)
                  2000c46c    000001e4     drivers_cc32xx.a : GPIOCC32XX.oem4 (.text:GPIO_setConfig)
                  2000c650    0000019c     nortos_cc32xx.a : PowerCC32XX_nortos.oem4 (.text:PowerCC32XX_sleepPolicy)
                  2000c7ec    00000148     drivers_cc32xx.a : PowerCC32XX.oem4 (.text:parkPins)
                  2000c934    00000138                      : PowerCC32XX.oem4 (.text:Power_sleep)
                  2000ca6c    00000100     rtsv7M4_T_le_eabi.lib : memory.c.obj (.text:aligned_alloc)
                  2000cb6c    000000e4                           : memory.c.obj (.text:free)
                  2000cc50    000000c4     drivers_cc32xx.a : GPIOCC32XX.oem4 (.text:GPIO_init)
                  2000cd14    000000c0                      : PowerCC32XX.oem4 (.text:restoreParkedPins)
                  2000cdd4    000000a8     driverlib.a : interrupt.obj (.text:IntEnable)
                  2000ce7c    000000a8     drivers_cc32xx.a : PowerCC32XX.oem4 (.text:PowerCC32XX_configureWakeup)
                  2000cf24    000000a0     nortos_cc32xx.a : SemaphoreP_nortos.oem4 (.text:SemaphoreP_pend)
                  2000cfc4    0000009c     rtsv7M4_T_le_eabi.lib : memcpy_t2.asm.obj (.text)
                  2000d060    00000098     drivers_cc32xx.a : GPIOCC32XX.oem4 (.text:powerNotifyFxn)
                  2000d0f8    00000096     rtsv7M4_T_le_eabi.lib : ull_div_t2.asm.obj (.text)
                  2000d18e    00000002     ti_drivers_config.obj (.text:Board_initHook)
                  2000d190    00000090     drivers_cc32xx.a : PowerCC32XX.oem4 (.text:restoreNVICRegs)
                  2000d220    0000008c     nortos_cc32xx.a : HwiPCC32XX_nortos.oem4 (.text:HwiP_construct)
                  2000d2ac    00000088     driverlib.a : interrupt.obj (.text:IntPendSet)
                  2000d334    00000088                 : pin.obj (.text:PinConfigSet)
                  2000d3bc    00000084     drivers_cc32xx.a : PowerCC32XX.oem4 (.text:Power_init)
                  2000d440    00000084                      : PowerCC32XX.oem4 (.text:saveNVICRegs)
                  2000d4c4    00000080                      : PowerCC32XX.oem4 (.text:Power_setDependency)
                  2000d544    00000078                      : GPIOCC32XX.oem4 (.text:GPIO_hwiIntFxn)
                  2000d5bc    00000070     rtsv7M4_T_le_eabi.lib : memory.c.obj (.text:split)
                  2000d62c    00000068                           : copy_decompress_lzss.c.obj (.text:decompress:lzss:__TI_decompress_lzss)
                  2000d694    00000064     drivers_cc32xx.a : GPIOCC32XX.oem4 (.text:GPIO_toggle)
                  2000d6f8    00000064                      : PowerCC32XX.oem4 (.text:PowerCC32XX_setParkState)
                  2000d75c    00000060     driverlib.a : prcm.obj (.text:PRCMSysResetCauseGet)
                  2000d7bc    0000005c     drivers_cc32xx.a : GPIOCC32XX.oem4 (.text:GPIO_setCallback)
                  2000d818    0000005c     nortos_cc32xx.a : ClockPSysTick_nortos.oem4 (.text:sysTickInit)
                  2000d874    00000058     drivers_cc32xx.a : GPIOCC32XX.oem4 (.text:GPIO_write)
                  2000d8cc    00000058     driverlib.a : prcm.obj (.text:PRCMPeripheralReset)
                  2000d924    00000052     drivers_cc32xx.a : PowerCC32XX_asm.oem4 (.text:PowerCC32XX_resumeLPDS)
                  2000d976    00000002     nortos_cc32xx.a : PowerCC32XX_nortos.oem4 (.text:PowerCC32XX_initPolicy)
                  2000d978    00000050                     : ClockPSysTick_nortos.oem4 (.text:ClockP_sysTickHandler)
                  2000d9c8    00000050                     : SemaphoreP_nortos.oem4 (.text:SemaphoreP_construct)
                  2000da18    0000004c     drivers_cc32xx.a : GPIOCC32XX.oem4 (.text:GPIO_enableInt)
                  2000da64    0000004c                      : PowerCC32XX.oem4 (.text:PowerCC32XX_parkPin)
                  2000dab0    0000004c                      : PowerCC32XX.oem4 (.text:restorePeriphClocks)
                  2000dafc    00000048     driverlib.a : flash.obj (.text:FlashDisable)
                  2000db44    00000048                 : prcm.obj (.text:PRCMLPDSEnter)
                  2000db8c    00000048                 : prcm.obj (.text:PRCMPeripheralClkEnable)
                  2000dbd4    00000044     nortos_cc32xx.a : ClockPSysTick_nortos.oem4 (.text:ClockP_stop)
                  2000dc18    00000044     driverlib.a : prcm.obj (.text:PRCMLPDSRestoreInfoSet)
                  2000dc5c    00000044     drivers_cc32xx.a : PowerCC32XX_asm.oem4 (.text:PowerCC32XX_enterLPDS)
                  2000dca0    00000044     nortos_cc32xx.a : SemaphoreP_nortos.oem4 (.text:SemaphoreP_post)
                  2000dce4    00000044                     : SwiP_nortos.oem4 (.text:SwiP_restore)
                  2000dd28    00000044     rtsv7M4_T_le_eabi.lib : autoinit.c.obj (.text:__TI_auto_init_nobinit_nopinit:__TI_auto_init_nobinit_nopinit)
                  2000dd6c    00000044     gpiointerrupt.obj (.text:mainThread)
                  2000ddb0    00000040     driverlib.a : pin.obj (.text:PinModeSet)
                  2000ddf0    0000003c     nortos_cc32xx.a : ClockPSysTick_nortos.oem4 (.text:ClockP_destruct)
                  2000de2c    0000003a                     : PowerCC32XX_nortos.oem4 (.text:getCountsRTC)
                  2000de66    00000002     rtsv7M4_T_le_eabi.lib : _lock.c.obj (.text:_nop)
                  2000de68    00000038     driverlib.a : prcm.obj (.text:PRCMLPDSEnterKeepDebugIf)
                  2000dea0    00000038     nortos_cc32xx.a : ClockPSysTick_nortos.oem4 (.text:addToList)
                  2000ded8    00000038                     : startup_cc32xx_ccs.oem4 (.text:initVectors)
                  2000df10    00000038     drivers_cc32xx.a : PowerCC32XX.oem4 (.text:notify)
                  2000df48    00000034     nortos_cc32xx.a : ClockPSysTick_nortos.oem4 (.text:ClockP_getTicksUntilInterrupt)
                  2000df7c    00000034                     : ClockPSysTick_nortos.oem4 (.text:ClockP_startup)
                  2000dfb0    00000034     driverlib.a : pin.obj (.text:PinModeGet)
                  2000dfe4    00000030     nortos_cc32xx.a : ClockPSysTick_nortos.oem4 (.text:ClockP_start)
                  2000e014    00000030     drivers_cc32xx.a : PowerCC32XX.oem4 (.text:PowerCC32XX_restoreParkedPin)
                  2000e044    0000002a     nortos_cc32xx.a : HwiPCC32XX_nortos.oem4 (.text:HwiP_create)
                  2000e06e    00000002                     : startup_cc32xx_ccs.oem4 (.text:busFaultHandler)
                  2000e070    00000028     driverlib.a : prcm.obj (.text:PRCMPeripheralClkDisable)
                  2000e098    00000028     drivers_cc32xx.a : PowerCC32XX.oem4 (.text:Power_registerNotify)
                  2000e0c0    00000028     rtsv7M4_T_le_eabi.lib : memory.c.obj (.text:free_list_insert)
                  2000e0e8    00000026     drivers_cc32xx.a : List.oem4 (.text:List_put)
                  2000e10e    00000002     nortos_cc32xx.a : SemaphoreP_nortos.oem4 (.text:clkFxn)
                  2000e110    00000024                     : HwiPCC32XX_nortos.oem4 (.text:HwiP_dispatch)
                  2000e134    00000024     rtsv7M4_T_le_eabi.lib : boot_cortex_m.c.obj (.text:_c_int00_noargs:_c_int00_noargs)
                  2000e158    0000001c     driverlib.a : pin.obj (.text:PinToPadGet)
                  2000e174    0000001c     nortos_cc32xx.a : SwiP_nortos.oem4 (.text:SwiP_disable)
                  2000e190    0000001c     rtsv7M4_T_le_eabi.lib : copy_zero_init.c.obj (.text:decompress:ZI:__TI_zero_init_nomemset:__TI_zero_init_nomemset)
                  2000e1ac    0000001c                           : memory.c.obj (.text:free_list_remove)
                  2000e1c8    0000001a     nortos_cc32xx.a : SemaphoreP_nortos.oem4 (.text:SemaphoreP_createBinary)
                  2000e1e2    00000002                     : startup_cc32xx_ccs.oem4 (.text:defaultHandler)
                  2000e1e4    0000001a                     : startup_cc32xx_ccs.oem4 (.text:resetISR)
                  2000e1fe    00000002                     : startup_cc32xx_ccs.oem4 (.text:faultISR)
                  2000e200    00000018     drivers_cc32xx.a : PowerCC32XX.oem4 (.text:Power_getTransitionLatency)
                  2000e218    00000018                      : PowerCC32XX.oem4 (.text:Power_idleFunc)
                  2000e230    00000018     rtsv7M4_T_le_eabi.lib : ll_mul_t2.asm.obj (.text)
                  2000e248    00000016     driverlib.a : prcm.obj (.text:PRCMHIBRegRead)
                  2000e25e    00000016                 : prcm.obj (.text:PRCMHIBRegWrite)
                  2000e274    00000016     nortos_cc32xx.a : SemaphoreP_nortos.oem4 (.text:SemaphoreP_create)
                  2000e28a    00000014     driverlib.a : cpu.obj (.text:CPUcpsid)
                  2000e29e    00000002     nortos_cc32xx.a : startup_cc32xx_ccs.oem4 (.text:nmiISR)
                  2000e2a0    00000014                     : HwiPCC32XX_nortos.oem4 (.text:HwiP_inISR)
                  2000e2b4    00000014     driverlib.a : interrupt.obj (.text:IntVTableBaseSet)
                  2000e2c8    00000014     drivers_cc32xx.a : PowerCC32XX.oem4 (.text:Power_disablePolicy)
                  2000e2dc    00000014                      : PowerCC32XX.oem4 (.text:Power_getDependencyCount)
                  2000e2f0    00000012     nortos_cc32xx.a : HwiPCC32XX_nortos.oem4 (.text:HwiP_Params_init)
                  2000e302    00000012     main_nortos.obj (.text:main)
                  2000e314    00000010     ti_drivers_config.obj (.text:Board_init)
                  2000e324    00000010     nortos_cc32xx.a : ClockPSysTick_nortos.oem4 (.text:ClockP_add)
                  2000e334    00000010                     : ClockPSysTick_nortos.oem4 (.text:ClockP_getCpuFreq)
                  2000e344    00000010                     : ClockPSysTick_nortos.oem4 (.text:ClockP_getSystemTicks)
                  2000e354    00000010                     : ClockPSysTick_nortos.oem4 (.text:ClockP_setTicks)
                  2000e364    00000010                     : HwiPCC32XX_nortos.oem4 (.text:HwiP_restore)
                  2000e374    00000010     drivers_cc32xx.a : PowerCC32XX.oem4 (.text:Power_enablePolicy)
                  2000e384    00000010     nortos_cc32xx.a : SemaphoreP_nortos.oem4 (.text:SemaphoreP_Params_init)
                  2000e394    0000000e                     : HwiPCC32XX_nortos.oem4 (.text:HwiP_disable)
                  2000e3a2    0000000e                     : HwiPCC32XX_nortos.oem4 (.text:HwiP_enable)
                  2000e3b0    0000000e     rtsv7M4_T_le_eabi.lib : copy_decompress_none.c.obj (.text:decompress:none:__TI_decompress_none)
                  2000e3be    0000000e     gpiointerrupt.obj (.text:gpioButtonFxn0)
                  2000e3cc    0000000c     drivers_cc32xx.a : PowerCC32XX.oem4 (.text:Power_getConstraintMask)
                  2000e3d8    0000000a     nortos_cc32xx.a : ClockPSysTick_nortos.oem4 (.text:ClockP_isActive)
                  2000e3e2    0000000a     driverlib.a : interrupt.obj (.text:IntMasterDisable)
                  2000e3ec    00000008     rtsv7M4_T_le_eabi.lib : memory.c.obj (.text:malloc)
                  2000e3f4    00000006     driverlib.a : utils.obj (.text:UtilsDelay)
                  2000e3fa    00000004     nortos_cc32xx.a : HwiPCC32XX_nortos.oem4 (.text:HwiP_post)
                  2000e3fe    00000004                     : SemaphoreP_nortos.oem4 (.text:SemaphoreP_delete)
                  2000e402    00000004     rtsv7M4_T_le_eabi.lib : pre_init.c.obj (.text:_system_pre_init)
                  2000e406    00000004                           : exit.c.obj (.text:abort:abort)
                  2000e40a    00000002                           : div0.asm.obj (.text)

.const     0    2000e9c8    0000029a     
                  2000e9c8    00000100     driverlib.a : pin.obj (.const:g_ulPinToPadMap)
                  2000eac8    000000a8                 : prcm.obj (.const:PRCM_PeriphRegsList)
                  2000eb70    00000044     ti_drivers_config.obj (.const:PowerCC32XX_config)
                  2000ebb4    00000021     drivers_cc32xx.a : GPIOCC32XX.oem4 (.const:.string:pinTable)
                  2000ebd5    00000003     --HOLE-- [fill = 0]
                  2000ebd8    00000018     driverlib.a : interrupt.obj (.const:g_pulEnRegs)
                  2000ebf0    00000018                 : interrupt.obj (.const:g_pulPendRegs)
                  2000ec08    00000014     ti_drivers_config.obj (.const:GPIOCC32XX_config)
                  2000ec1c    00000014     drivers_cc32xx.a : GPIOCC32XX.oem4 (.const:gpioBaseAddresses)
                  2000ec30    00000014                      : GPIOCC32XX.oem4 (.const:powerResources)
                  2000ec44    00000008                      : GPIOCC32XX.oem4 (.const:outPinTypes)
                  2000ec4c    00000006                      : GPIOCC32XX.oem4 (.const:.string:interruptType)
                  2000ec52    00000006                      : GPIOCC32XX.oem4 (.const:inPinTypes)
                  2000ec58    00000006                      : GPIOCC32XX.oem4 (.const:outPinStrengths)
                  2000ec5e    00000004                      : GPIOCC32XX.oem4 (.const:.string:portInterruptIds)

.cinit     0    2000edf0    000000f0     
                  2000edf0    000000c7     (.cinit..data.load) [load image, compression = lzss]
                  2000eeb7    00000001     --HOLE-- [fill = 0]
                  2000eeb8    0000000c     (__TI_handler_table)
                  2000eec4    00000004     --HOLE-- [fill = 0]
                  2000eec8    00000008     (.cinit..bss.load) [load image, compression = zero_init]
                  2000eed0    00000010     (__TI_cinit_table)

.init_array 
*          0    20004000    00000000     UNINITIALIZED

.ramVecs   0    20000000    0000030c     NOLOAD SECTION
                  20000000    0000030c     nortos_cc32xx.a : startup_cc32xx_ccs.oem4 (.ramVecs)

.stack     0    20003000    00001000     UNINITIALIZED
                  20003000    00000004     rtsv7M4_T_le_eabi.lib : boot_cortex_m.c.obj (.stack)
                  20003004    00000ffc     --HOLE--

.resetVecs 
*          0    20004000    00000040     
                  20004000    00000040     nortos_cc32xx.a : startup_cc32xx_ccs.oem4 (.resetVecs:retain)

.sysmem    0    20004040    00008000     UNINITIALIZED
                  20004040    00000010     rtsv7M4_T_le_eabi.lib : memory.c.obj (.sysmem)
                  20004050    00007ff0     --HOLE--

.data      0    2000e40c    000005b9     UNINITIALIZED
                  2000e40c    0000030c     nortos_cc32xx.a : HwiPCC32XX_nortos.oem4 (.data:HwiP_dispatchTable)
                  2000e718    0000016c     drivers_cc32xx.a : PowerCC32XX.oem4 (.data:PowerCC32XX_module)
                  2000e884    000000f8     ti_drivers_config.obj (.data:parkInfo)
                  2000e97c    0000000c     ti_drivers_config.obj (.data:gpioCallbackFunctions)
                  2000e988    0000000c     ti_drivers_config.obj (.data:gpioPinConfigs)
                  2000e994    00000009     drivers_cc32xx.a : GPIOCC32XX.oem4 (.data)
                  2000e99d    00000003     nortos_cc32xx.a : SemaphoreP_nortos.oem4 (.data)
                  2000e9a0    00000008     rtsv7M4_T_le_eabi.lib : _lock.c.obj (.data:$O1$$)
                  2000e9a8    00000008                           : memory.c.obj (.data:$O1$$)
                  2000e9b0    00000008     nortos_cc32xx.a : SemaphoreP_nortos.oem4 (.data:SemaphoreP_defaultParams)
                  2000e9b8    00000008                     : HwiPCC32XX_nortos.oem4 (.data)
                  2000e9c0    00000005                     : ClockPSysTick_nortos.oem4 (.data)

.bss       0    2000ec68    00000188     UNINITIALIZED
                  2000ec68    0000012c     (.common:PowerCC32XX_contextSave)
                  2000ed94    00000020     drivers_cc32xx.a : GPIOCC32XX.oem4 (.bss:gpioCallbackInfo)
                  2000edb4    00000014                      : GPIOCC32XX.oem4 (.bss:powerNotifyObj)
                  2000edc8    00000010     (.common:ClockP_ctrl)
                  2000edd8    0000000d     nortos_cc32xx.a : SwiP_nortos.oem4 (.bss)
                  2000ede5    00000003     --HOLE--
                  2000ede8    00000004     drivers_cc32xx.a : GPIOCC32XX.oem4 (.bss)
                  2000edec    00000004     nortos_cc32xx.a : ClockPSysTick_nortos.oem4 (.bss)

.log_data 
*          0    90000000    00000000     COPY SECTION

__llvm_prf_cnts 
*          0    20004000    00000000     UNINITIALIZED

MODULE SUMMARY

       Module                       code   ro data   rw data
       ------                       ----   -------   -------
    .\
       gpiointerrupt.obj            82     0         0      
       main_nortos.obj              18     0         0      
    +--+----------------------------+------+---------+---------+
       Total:                       100    0         0      
                                                            
    .\syscfg\
       ti_drivers_config.obj        18     88        272    
    +--+----------------------------+------+---------+---------+
       Total:                       18     88        272    
                                                            
    C:/ti/simplelink_cc32xx_sdk_5_10_00_02/kernel/nortos/lib/ccs/m4/nortos_cc32xx.a
       HwiPCC32XX_nortos.oem4       304    0         788    
       startup_cc32xx_ccs.oem4      90     64        780    
       ClockPSysTick_nortos.oem4    582    0         25     
       PowerCC32XX_nortos.oem4      472    0         0      
       SemaphoreP_nortos.oem4       378    0         11     
       SwiP_nortos.oem4             96     0         13     
    +--+----------------------------+------+---------+---------+
       Total:                       1922   64        1617   
                                                            
    C:/ti/simplelink_cc32xx_sdk_5_10_00_02/source/ti/devices/cc32xx/driverlib/ccs/Release/driverlib.a
       prcm.obj                     1604   168       0      
       pin.obj                      280    256       0      
       interrupt.obj                334    48        0      
       flash.obj                    72     0         0      
       cpu.obj                      20     0         0      
       utils.obj                    6      0         0      
    +--+----------------------------+------+---------+---------+
       Total:                       2316   472       0      
                                                            
    C:/ti/simplelink_cc32xx_sdk_5_10_00_02/source/ti/drivers/lib/ccs/m4/drivers_cc32xx.a
       PowerCC32XX.oem4             2048   0         664    
       GPIOCC32XX.oem4              1308   103       65     
       PowerCC32XX_asm.oem4         150    0         0      
       List.oem4                    38     0         0      
    +--+----------------------------+------+---------+---------+
       Total:                       3544   103       729    
                                                            
    C:\ti\ccs1020\ccs\tools\compiler\ti-cgt-arm_20.2.2.LTS\lib\rtsv7M4_T_le_eabi.lib
       memory.c.obj                 672    0         8      
       memcpy_t2.asm.obj            156    0         0      
       ull_div_t2.asm.obj           150    0         0      
       copy_decompress_lzss.c.obj   104    0         0      
       autoinit.c.obj               68     0         0      
       boot_cortex_m.c.obj          36     0         0      
       copy_zero_init.c.obj         28     0         0      
       ll_mul_t2.asm.obj            24     0         0      
       copy_decompress_none.c.obj   14     0         0      
       _lock.c.obj                  2      0         8      
       exit.c.obj                   4      0         0      
       pre_init.c.obj               4      0         0      
       div0.asm.obj                 2      0         0      
    +--+----------------------------+------+---------+---------+
       Total:                       1264   0         16     
                                                            
       Heap:                        0      0         32768  
       Stack:                       0      0         4096   
       Linker Generated:            0      235       0      
    +--+----------------------------+------+---------+---------+
       Grand Total:                 9164   962       39498  


LINKER GENERATED COPY TABLES

__TI_cinit_table @ 2000eed0 records: 2, size/record: 8, table size: 16
	.data: load addr=2000edf0, load size=000000c7 bytes, run addr=2000e40c, run size=000005b9 bytes, compression=lzss
	.bss: load addr=2000eec8, load size=00000008 bytes, run addr=2000ec68, run size=00000188 bytes, compression=zero_init


LINKER GENERATED HANDLER TABLE

__TI_handler_table @ 2000eeb8 records: 3, size/record: 4, table size: 12
	index: 0, handler: __TI_decompress_lzss
	index: 1, handler: __TI_decompress_none
	index: 2, handler: __TI_zero_init


GLOBAL SYMBOLS: SORTED ALPHABETICALLY BY Name 

address   name                          
-------   ----                          
2000e315  Board_init                    
2000d18f  Board_initHook                
2000e407  C$$EXIT                       
2000e28b  CPUcpsid                      
2000e325  ClockP_add                    
2000edc8  ClockP_ctrl                   
2000ddf1  ClockP_destruct               
2000d979  ClockP_doTick                 
2000e335  ClockP_getCpuFreq             
2000e345  ClockP_getSystemTicks         
2000df49  ClockP_getTicksUntilInterrupt 
2000e3d9  ClockP_isActive               
2000e355  ClockP_setTicks               
2000dfe5  ClockP_start                  
2000df7d  ClockP_startup                
2000dbd5  ClockP_stop                   
2000d979  ClockP_sysTickHandler         
2000e9c0  ClockP_tickPeriod             
2000dafd  FlashDisable                  
2000ec08  GPIOCC32XX_config             
2000da19  GPIO_enableInt                
2000d545  GPIO_hwiIntFxn                
2000cc51  GPIO_init                     
2000d7bd  GPIO_setCallback              
2000c46d  GPIO_setConfig                
2000d695  GPIO_toggle                   
2000d875  GPIO_write                    
2000e2f1  HwiP_Params_init              
2000d221  HwiP_construct                
2000e045  HwiP_create                   
2000e395  HwiP_disable                  
2000e111  HwiP_dispatch                 
2000e3a3  HwiP_enable                   
2000e2a1  HwiP_inISR                    
2000e9b8  HwiP_key                      
2000e3fb  HwiP_post                     
2000e365  HwiP_restore                  
2000e9bc  HwiP_swiPIntNum               
UNDEFED   ITM_flush                     
UNDEFED   ITM_restore                   
2000cdd5  IntEnable                     
2000e3e3  IntMasterDisable              
2000d2ad  IntPendSet                    
2000e2b5  IntVTableBaseSet              
2000e0e9  List_put                      
2000e3a3  NoRTOS_start                  
2000c041  PRCMCC3200MCUInit             
2000e249  PRCMHIBRegRead                
2000e25f  PRCMHIBRegWrite               
2000db45  PRCMLPDSEnter                 
2000de69  PRCMLPDSEnterKeepDebugIf      
2000dc19  PRCMLPDSRestoreInfoSet        
2000e071  PRCMPeripheralClkDisable      
2000db8d  PRCMPeripheralClkEnable       
2000d8cd  PRCMPeripheralReset           
2000d75d  PRCMSysResetCauseGet          
2000d335  PinConfigSet                  
2000dfb1  PinModeGet                    
2000ddb1  PinModeSet                    
2000e159  PinToPadGet                   
2000eb70  PowerCC32XX_config            
2000ce7d  PowerCC32XX_configureWakeup   
2000ec68  PowerCC32XX_contextSave       
2000dc5d  PowerCC32XX_enterLPDS         
2000d977  PowerCC32XX_initPolicy        
2000e718  PowerCC32XX_module            
2000da65  PowerCC32XX_parkPin           
2000e015  PowerCC32XX_restoreParkedPin  
2000d925  PowerCC32XX_resumeLPDS        
2000d6f9  PowerCC32XX_setParkState      
2000c651  PowerCC32XX_sleepPolicy       
2000e2c9  Power_disablePolicy           
2000e375  Power_enablePolicy            
2000e3cd  Power_getConstraintMask       
2000e2dd  Power_getDependencyCount      
2000e201  Power_getTransitionLatency    
2000e219  Power_idleFunc                
2000d3bd  Power_init                    
2000e099  Power_registerNotify          
2000d4c5  Power_setDependency           
2000c935  Power_sleep                   
2000e385  SemaphoreP_Params_init        
2000d9c9  SemaphoreP_construct          
2000e275  SemaphoreP_create             
2000e1c9  SemaphoreP_createBinary       
2000e9b0  SemaphoreP_defaultParams      
2000e3ff  SemaphoreP_delete             
2000cf25  SemaphoreP_pend               
2000dca1  SemaphoreP_post               
2000e175  SwiP_disable                  
2000dce5  SwiP_restore                  
2000e3f5  UtilsDelay                    
20004000  __STACK_END                   
00001000  __STACK_SIZE                  
00008000  __SYSMEM_SIZE                 
2000eed0  __TI_CINIT_Base               
2000eee0  __TI_CINIT_Limit              
2000eeb8  __TI_Handler_Table_Base       
2000eec4  __TI_Handler_Table_Limit      
2000dd29  __TI_auto_init_nobinit_nopinit
2000d62d  __TI_decompress_lzss          
2000e3b1  __TI_decompress_none          
ffffffff  __TI_pprof_out_hndl           
ffffffff  __TI_prof_data_size           
ffffffff  __TI_prof_data_start          
2000edf0  __TI_static_base__            
2000e191  __TI_zero_init_nomemset       
2000e40b  __aeabi_idiv0                 
2000e40b  __aeabi_ldiv0                 
2000e231  __aeabi_lmul                  
2000cfc5  __aeabi_memcpy                
2000cfc5  __aeabi_memcpy4               
2000cfc5  __aeabi_memcpy8               
2000d0f9  __aeabi_uldivmod              
ffffffff  __binit__                     
ffffffff  __c_args__                    
UNDEFED   __mpu_init                    
20003000  __stack                       
20004000  __start___llvm_prf_cnts       
20004000  __stop___llvm_prf_cnts        
2000e135  _c_int00_noargs               
2000e9a0  _lock                         
2000de67  _nop                          
20004040  _sys_memory                   
UNDEFED   _system_post_cinit            
2000e403  _system_pre_init              
2000e9a4  _unlock                       
2000e407  abort                         
2000ca6d  aligned_alloc                 
ffffffff  binit                         
2000e10f  clkFxn                        
2000cb6d  free                          
2000e3bf  gpioButtonFxn0                
2000e97c  gpioCallbackFunctions         
2000e988  gpioPinConfigs                
2000ec52  inPinTypes                    
2000ded9  initVectors                   
2000e303  main                          
2000dd6d  mainThread                    
2000e3ed  malloc                        
2000ca6d  memalign                      
2000cfc5  memcpy                        
2000ec58  outPinStrengths               
2000ec44  outPinTypes                   
2000e884  parkInfo                      
2000e1e5  resetISR                      
2000e1f8  resetVectorAddr               
20004000  resetVectors                  


GLOBAL SYMBOLS: SORTED BY Symbol Address 

address   name                          
-------   ----                          
00001000  __STACK_SIZE                  
00008000  __SYSMEM_SIZE                 
20003000  __stack                       
20004000  __STACK_END                   
20004000  __start___llvm_prf_cnts       
20004000  __stop___llvm_prf_cnts        
20004000  resetVectors                  
20004040  _sys_memory                   
2000c041  PRCMCC3200MCUInit             
2000c46d  GPIO_setConfig                
2000c651  PowerCC32XX_sleepPolicy       
2000c935  Power_sleep                   
2000ca6d  aligned_alloc                 
2000ca6d  memalign                      
2000cb6d  free                          
2000cc51  GPIO_init                     
2000cdd5  IntEnable                     
2000ce7d  PowerCC32XX_configureWakeup   
2000cf25  SemaphoreP_pend               
2000cfc5  __aeabi_memcpy                
2000cfc5  __aeabi_memcpy4               
2000cfc5  __aeabi_memcpy8               
2000cfc5  memcpy                        
2000d0f9  __aeabi_uldivmod              
2000d18f  Board_initHook                
2000d221  HwiP_construct                
2000d2ad  IntPendSet                    
2000d335  PinConfigSet                  
2000d3bd  Power_init                    
2000d4c5  Power_setDependency           
2000d545  GPIO_hwiIntFxn                
2000d62d  __TI_decompress_lzss          
2000d695  GPIO_toggle                   
2000d6f9  PowerCC32XX_setParkState      
2000d75d  PRCMSysResetCauseGet          
2000d7bd  GPIO_setCallback              
2000d875  GPIO_write                    
2000d8cd  PRCMPeripheralReset           
2000d925  PowerCC32XX_resumeLPDS        
2000d977  PowerCC32XX_initPolicy        
2000d979  ClockP_doTick                 
2000d979  ClockP_sysTickHandler         
2000d9c9  SemaphoreP_construct          
2000da19  GPIO_enableInt                
2000da65  PowerCC32XX_parkPin           
2000dafd  FlashDisable                  
2000db45  PRCMLPDSEnter                 
2000db8d  PRCMPeripheralClkEnable       
2000dbd5  ClockP_stop                   
2000dc19  PRCMLPDSRestoreInfoSet        
2000dc5d  PowerCC32XX_enterLPDS         
2000dca1  SemaphoreP_post               
2000dce5  SwiP_restore                  
2000dd29  __TI_auto_init_nobinit_nopinit
2000dd6d  mainThread                    
2000ddb1  PinModeSet                    
2000ddf1  ClockP_destruct               
2000de67  _nop                          
2000de69  PRCMLPDSEnterKeepDebugIf      
2000ded9  initVectors                   
2000df49  ClockP_getTicksUntilInterrupt 
2000df7d  ClockP_startup                
2000dfb1  PinModeGet                    
2000dfe5  ClockP_start                  
2000e015  PowerCC32XX_restoreParkedPin  
2000e045  HwiP_create                   
2000e071  PRCMPeripheralClkDisable      
2000e099  Power_registerNotify          
2000e0e9  List_put                      
2000e10f  clkFxn                        
2000e111  HwiP_dispatch                 
2000e135  _c_int00_noargs               
2000e159  PinToPadGet                   
2000e175  SwiP_disable                  
2000e191  __TI_zero_init_nomemset       
2000e1c9  SemaphoreP_createBinary       
2000e1e5  resetISR                      
2000e1f8  resetVectorAddr               
2000e201  Power_getTransitionLatency    
2000e219  Power_idleFunc                
2000e231  __aeabi_lmul                  
2000e249  PRCMHIBRegRead                
2000e25f  PRCMHIBRegWrite               
2000e275  SemaphoreP_create             
2000e28b  CPUcpsid                      
2000e2a1  HwiP_inISR                    
2000e2b5  IntVTableBaseSet              
2000e2c9  Power_disablePolicy           
2000e2dd  Power_getDependencyCount      
2000e2f1  HwiP_Params_init              
2000e303  main                          
2000e315  Board_init                    
2000e325  ClockP_add                    
2000e335  ClockP_getCpuFreq             
2000e345  ClockP_getSystemTicks         
2000e355  ClockP_setTicks               
2000e365  HwiP_restore                  
2000e375  Power_enablePolicy            
2000e385  SemaphoreP_Params_init        
2000e395  HwiP_disable                  
2000e3a3  HwiP_enable                   
2000e3a3  NoRTOS_start                  
2000e3b1  __TI_decompress_none          
2000e3bf  gpioButtonFxn0                
2000e3cd  Power_getConstraintMask       
2000e3d9  ClockP_isActive               
2000e3e3  IntMasterDisable              
2000e3ed  malloc                        
2000e3f5  UtilsDelay                    
2000e3fb  HwiP_post                     
2000e3ff  SemaphoreP_delete             
2000e403  _system_pre_init              
2000e407  C$$EXIT                       
2000e407  abort                         
2000e40b  __aeabi_idiv0                 
2000e40b  __aeabi_ldiv0                 
2000e718  PowerCC32XX_module            
2000e884  parkInfo                      
2000e97c  gpioCallbackFunctions         
2000e988  gpioPinConfigs                
2000e9a0  _lock                         
2000e9a4  _unlock                       
2000e9b0  SemaphoreP_defaultParams      
2000e9b8  HwiP_key                      
2000e9bc  HwiP_swiPIntNum               
2000e9c0  ClockP_tickPeriod             
2000eb70  PowerCC32XX_config            
2000ec08  GPIOCC32XX_config             
2000ec44  outPinTypes                   
2000ec52  inPinTypes                    
2000ec58  outPinStrengths               
2000ec68  PowerCC32XX_contextSave       
2000edc8  ClockP_ctrl                   
2000edf0  __TI_static_base__            
2000eeb8  __TI_Handler_Table_Base       
2000eec4  __TI_Handler_Table_Limit      
2000eed0  __TI_CINIT_Base               
2000eee0  __TI_CINIT_Limit              
ffffffff  __TI_pprof_out_hndl           
ffffffff  __TI_prof_data_size           
ffffffff  __TI_prof_data_start          
ffffffff  __binit__                     
ffffffff  __c_args__                    
ffffffff  binit                         
UNDEFED   ITM_flush                     
UNDEFED   ITM_restore                   
UNDEFED   __mpu_init                    
UNDEFED   _system_post_cinit            

[148 symbols]
