<?xml version="1.0" encoding="ISO-8859-1" ?>
<link_info>
   <banner>TI ARM Linker PC v20.2.2.LTS</banner>
   <copyright>Copyright (c) 1996-2018 Texas Instruments Incorporated</copyright>
   <link_time>0x60857a88</link_time>
   <link_errors>0x0</link_errors>
   <output_file>gpiointerrupt_CC3220S_LAUNCHXL_nortos_ccs.out</output_file>
   <entry_point>
      <name>resetISR</name>
      <address>0x2000e1e5</address>
   </entry_point>
   <input_file_list>
      <input_file id="fl-2">
         <path>.\</path>
         <kind>object</kind>
         <file>gpiointerrupt.obj</file>
         <name>gpiointerrupt.obj</name>
      </input_file>
      <input_file id="fl-3">
         <path>.\syscfg\</path>
         <kind>object</kind>
         <file>ti_drivers_config.obj</file>
         <name>ti_drivers_config.obj</name>
      </input_file>
      <input_file id="fl-4">
         <path>.\</path>
         <kind>object</kind>
         <file>main_nortos.obj</file>
         <name>main_nortos.obj</name>
      </input_file>
      <input_file id="fl-d">
         <kind>object</kind>
         <file>&lt;internal&gt;</file>
         <name>&lt;internal&gt;</name>
      </input_file>
      <input_file id="fl-e">
         <path>C:\ti\simplelink_cc32xx_sdk_5_10_00_02\source\ti\drivers\lib\ccs\m4\</path>
         <kind>archive</kind>
         <file>drivers_cc32xx.a</file>
         <name>GPIOCC32XX.oem4</name>
      </input_file>
      <input_file id="fl-f">
         <path>C:\ti\simplelink_cc32xx_sdk_5_10_00_02\source\ti\drivers\lib\ccs\m4\</path>
         <kind>archive</kind>
         <file>drivers_cc32xx.a</file>
         <name>PowerCC32XX.oem4</name>
      </input_file>
      <input_file id="fl-10">
         <path>C:\ti\simplelink_cc32xx_sdk_5_10_00_02\source\ti\drivers\lib\ccs\m4\</path>
         <kind>archive</kind>
         <file>drivers_cc32xx.a</file>
         <name>PowerCC32XX_asm.oem4</name>
      </input_file>
      <input_file id="fl-11">
         <path>C:\ti\simplelink_cc32xx_sdk_5_10_00_02\source\ti\drivers\lib\ccs\m4\</path>
         <kind>archive</kind>
         <file>drivers_cc32xx.a</file>
         <name>UARTCC32XX.oem4</name>
      </input_file>
      <input_file id="fl-12">
         <path>C:\ti\simplelink_cc32xx_sdk_5_10_00_02\source\ti\drivers\lib\ccs\m4\</path>
         <kind>archive</kind>
         <file>drivers_cc32xx.a</file>
         <name>List.oem4</name>
      </input_file>
      <input_file id="fl-13">
         <path>C:\ti\simplelink_cc32xx_sdk_5_10_00_02\source\ti\drivers\lib\ccs\m4\</path>
         <kind>archive</kind>
         <file>drivers_cc32xx.a</file>
         <name>RingBuf.oem4</name>
      </input_file>
      <input_file id="fl-14">
         <path>C:\ti\simplelink_cc32xx_sdk_5_10_00_02\kernel\nortos\lib\ccs\m4\</path>
         <kind>archive</kind>
         <file>nortos_cc32xx.a</file>
         <name>NoRTOS.oem4</name>
      </input_file>
      <input_file id="fl-15">
         <path>C:\ti\simplelink_cc32xx_sdk_5_10_00_02\kernel\nortos\lib\ccs\m4\</path>
         <kind>archive</kind>
         <file>nortos_cc32xx.a</file>
         <name>SemaphoreP_nortos.oem4</name>
      </input_file>
      <input_file id="fl-16">
         <path>C:\ti\simplelink_cc32xx_sdk_5_10_00_02\kernel\nortos\lib\ccs\m4\</path>
         <kind>archive</kind>
         <file>nortos_cc32xx.a</file>
         <name>ClockPSysTick_nortos.oem4</name>
      </input_file>
      <input_file id="fl-17">
         <path>C:\ti\simplelink_cc32xx_sdk_5_10_00_02\kernel\nortos\lib\ccs\m4\</path>
         <kind>archive</kind>
         <file>nortos_cc32xx.a</file>
         <name>HwiPCC32XX_nortos.oem4</name>
      </input_file>
      <input_file id="fl-18">
         <path>C:\ti\simplelink_cc32xx_sdk_5_10_00_02\kernel\nortos\lib\ccs\m4\</path>
         <kind>archive</kind>
         <file>nortos_cc32xx.a</file>
         <name>PowerCC32XX_nortos.oem4</name>
      </input_file>
      <input_file id="fl-19">
         <path>C:\ti\simplelink_cc32xx_sdk_5_10_00_02\kernel\nortos\lib\ccs\m4\</path>
         <kind>archive</kind>
         <file>nortos_cc32xx.a</file>
         <name>startup_cc32xx_ccs.oem4</name>
      </input_file>
      <input_file id="fl-1a">
         <path>C:\ti\simplelink_cc32xx_sdk_5_10_00_02\kernel\nortos\lib\ccs\m4\</path>
         <kind>archive</kind>
         <file>nortos_cc32xx.a</file>
         <name>SwiP_nortos.oem4</name>
      </input_file>
      <input_file id="fl-1b">
         <path>C:\ti\simplelink_cc32xx_sdk_5_10_00_02\kernel\nortos\lib\ccs\m4\</path>
         <kind>archive</kind>
         <file>nortos_cc32xx.a</file>
         <name>QueueP_nortos.oem4</name>
      </input_file>
      <input_file id="fl-1c">
         <path>C:\ti\simplelink_cc32xx_sdk_5_10_00_02\source\ti\devices\cc32xx\driverlib\ccs\Release\</path>
         <kind>archive</kind>
         <file>driverlib.a</file>
         <name>cpu.obj</name>
      </input_file>
      <input_file id="fl-1d">
         <path>C:\ti\simplelink_cc32xx_sdk_5_10_00_02\source\ti\devices\cc32xx\driverlib\ccs\Release\</path>
         <kind>archive</kind>
         <file>driverlib.a</file>
         <name>interrupt.obj</name>
      </input_file>
      <input_file id="fl-1e">
         <path>C:\ti\simplelink_cc32xx_sdk_5_10_00_02\source\ti\devices\cc32xx\driverlib\ccs\Release\</path>
         <kind>archive</kind>
         <file>driverlib.a</file>
         <name>pin.obj</name>
      </input_file>
      <input_file id="fl-1f">
         <path>C:\ti\simplelink_cc32xx_sdk_5_10_00_02\source\ti\devices\cc32xx\driverlib\ccs\Release\</path>
         <kind>archive</kind>
         <file>driverlib.a</file>
         <name>prcm.obj</name>
      </input_file>
      <input_file id="fl-20">
         <path>C:\ti\simplelink_cc32xx_sdk_5_10_00_02\source\ti\devices\cc32xx\driverlib\ccs\Release\</path>
         <kind>archive</kind>
         <file>driverlib.a</file>
         <name>uart.obj</name>
      </input_file>
      <input_file id="fl-21">
         <path>C:\ti\simplelink_cc32xx_sdk_5_10_00_02\source\ti\devices\cc32xx\driverlib\ccs\Release\</path>
         <kind>archive</kind>
         <file>driverlib.a</file>
         <name>utils.obj</name>
      </input_file>
      <input_file id="fl-22">
         <path>C:\ti\simplelink_cc32xx_sdk_5_10_00_02\source\ti\devices\cc32xx\driverlib\ccs\Release\</path>
         <kind>archive</kind>
         <file>driverlib.a</file>
         <name>flash.obj</name>
      </input_file>
      <input_file id="fl-d8">
         <path>C:\ti\ccs1020\ccs\tools\compiler\ti-cgt-arm_20.2.2.LTS\lib\</path>
         <kind>archive</kind>
         <file>rtsv7M4_T_le_eabi.lib</file>
         <name>ll_mul_t2.asm.obj</name>
      </input_file>
      <input_file id="fl-d9">
         <path>C:\ti\ccs1020\ccs\tools\compiler\ti-cgt-arm_20.2.2.LTS\lib\</path>
         <kind>archive</kind>
         <file>rtsv7M4_T_le_eabi.lib</file>
         <name>memcpy_t2.asm.obj</name>
      </input_file>
      <input_file id="fl-da">
         <path>C:\ti\ccs1020\ccs\tools\compiler\ti-cgt-arm_20.2.2.LTS\lib\</path>
         <kind>archive</kind>
         <file>rtsv7M4_T_le_eabi.lib</file>
         <name>ull_div_t2.asm.obj</name>
      </input_file>
      <input_file id="fl-db">
         <path>C:\ti\ccs1020\ccs\tools\compiler\ti-cgt-arm_20.2.2.LTS\lib\</path>
         <kind>archive</kind>
         <file>rtsv7M4_T_le_eabi.lib</file>
         <name>copy_zero_init.c.obj</name>
      </input_file>
      <input_file id="fl-dc">
         <path>C:\ti\ccs1020\ccs\tools\compiler\ti-cgt-arm_20.2.2.LTS\lib\</path>
         <kind>archive</kind>
         <file>rtsv7M4_T_le_eabi.lib</file>
         <name>copy_decompress_none.c.obj</name>
      </input_file>
      <input_file id="fl-dd">
         <path>C:\ti\ccs1020\ccs\tools\compiler\ti-cgt-arm_20.2.2.LTS\lib\</path>
         <kind>archive</kind>
         <file>rtsv7M4_T_le_eabi.lib</file>
         <name>copy_decompress_lzss.c.obj</name>
      </input_file>
      <input_file id="fl-de">
         <path>C:\ti\ccs1020\ccs\tools\compiler\ti-cgt-arm_20.2.2.LTS\lib\</path>
         <kind>archive</kind>
         <file>rtsv7M4_T_le_eabi.lib</file>
         <name>memory.c.obj</name>
      </input_file>
      <input_file id="fl-df">
         <path>C:\ti\ccs1020\ccs\tools\compiler\ti-cgt-arm_20.2.2.LTS\lib\</path>
         <kind>archive</kind>
         <file>rtsv7M4_T_le_eabi.lib</file>
         <name>boot_cortex_m.c.obj</name>
      </input_file>
      <input_file id="fl-e0">
         <path>C:\ti\ccs1020\ccs\tools\compiler\ti-cgt-arm_20.2.2.LTS\lib\</path>
         <kind>archive</kind>
         <file>rtsv7M4_T_le_eabi.lib</file>
         <name>div0.asm.obj</name>
      </input_file>
      <input_file id="fl-e1">
         <path>C:\ti\ccs1020\ccs\tools\compiler\ti-cgt-arm_20.2.2.LTS\lib\</path>
         <kind>archive</kind>
         <file>rtsv7M4_T_le_eabi.lib</file>
         <name>memset_t2.asm.obj</name>
      </input_file>
      <input_file id="fl-e2">
         <path>C:\ti\ccs1020\ccs\tools\compiler\ti-cgt-arm_20.2.2.LTS\lib\</path>
         <kind>archive</kind>
         <file>rtsv7M4_T_le_eabi.lib</file>
         <name>autoinit.c.obj</name>
      </input_file>
      <input_file id="fl-e3">
         <path>C:\ti\ccs1020\ccs\tools\compiler\ti-cgt-arm_20.2.2.LTS\lib\</path>
         <kind>archive</kind>
         <file>rtsv7M4_T_le_eabi.lib</file>
         <name>pre_init.c.obj</name>
      </input_file>
      <input_file id="fl-e4">
         <path>C:\ti\ccs1020\ccs\tools\compiler\ti-cgt-arm_20.2.2.LTS\lib\</path>
         <kind>archive</kind>
         <file>rtsv7M4_T_le_eabi.lib</file>
         <name>cpy_tbl.c.obj</name>
      </input_file>
      <input_file id="fl-e5">
         <path>C:\ti\ccs1020\ccs\tools\compiler\ti-cgt-arm_20.2.2.LTS\lib\</path>
         <kind>archive</kind>
         <file>rtsv7M4_T_le_eabi.lib</file>
         <name>exit.c.obj</name>
      </input_file>
      <input_file id="fl-e6">
         <path>C:\ti\ccs1020\ccs\tools\compiler\ti-cgt-arm_20.2.2.LTS\lib\</path>
         <kind>archive</kind>
         <file>rtsv7M4_T_le_eabi.lib</file>
         <name>_lock.c.obj</name>
      </input_file>
      <input_file id="fl-e7">
         <path>C:\ti\ccs1020\ccs\tools\compiler\ti-cgt-arm_20.2.2.LTS\lib\</path>
         <kind>archive</kind>
         <file>rtsv7M4_T_le_eabi.lib</file>
         <name>args_main.c.obj</name>
      </input_file>
   </input_file_list>
   <object_component_list>
      <object_component id="oc-1b8">
         <name>.text:PRCMCC3200MCUInit</name>
         <load_address>0x2000c040</load_address>
         <run_address>0x2000c040</run_address>
         <size>0x42c</size>
         <input_file_ref idref="fl-1f"/>
      </object_component>
      <object_component id="oc-1d2">
         <name>.text:GPIO_setConfig</name>
         <load_address>0x2000c46c</load_address>
         <run_address>0x2000c46c</run_address>
         <size>0x1e4</size>
         <input_file_ref idref="fl-e"/>
      </object_component>
      <object_component id="oc-34a">
         <name>.text:PowerCC32XX_sleepPolicy</name>
         <load_address>0x2000c650</load_address>
         <run_address>0x2000c650</run_address>
         <size>0x19c</size>
         <input_file_ref idref="fl-18"/>
      </object_component>
      <object_component id="oc-4d0">
         <name>.text:parkPins</name>
         <load_address>0x2000c7ec</load_address>
         <run_address>0x2000c7ec</run_address>
         <size>0x148</size>
         <input_file_ref idref="fl-f"/>
      </object_component>
      <object_component id="oc-439">
         <name>.text:Power_sleep</name>
         <load_address>0x2000c934</load_address>
         <run_address>0x2000c934</run_address>
         <size>0x138</size>
         <input_file_ref idref="fl-f"/>
      </object_component>
      <object_component id="oc-498">
         <name>.text:aligned_alloc</name>
         <load_address>0x2000ca6c</load_address>
         <run_address>0x2000ca6c</run_address>
         <size>0x100</size>
         <input_file_ref idref="fl-de"/>
      </object_component>
      <object_component id="oc-366">
         <name>.text:free</name>
         <load_address>0x2000cb6c</load_address>
         <run_address>0x2000cb6c</run_address>
         <size>0xe4</size>
         <input_file_ref idref="fl-de"/>
      </object_component>
      <object_component id="oc-1cc">
         <name>.text:GPIO_init</name>
         <load_address>0x2000cc50</load_address>
         <run_address>0x2000cc50</run_address>
         <size>0xc4</size>
         <input_file_ref idref="fl-e"/>
      </object_component>
      <object_component id="oc-4ed">
         <name>.text:restoreParkedPins</name>
         <load_address>0x2000cd14</load_address>
         <run_address>0x2000cd14</run_address>
         <size>0xc0</size>
         <input_file_ref idref="fl-f"/>
      </object_component>
      <object_component id="oc-b5">
         <name>.text:IntEnable</name>
         <load_address>0x2000cdd4</load_address>
         <run_address>0x2000cdd4</run_address>
         <size>0xa8</size>
         <input_file_ref idref="fl-1d"/>
      </object_component>
      <object_component id="oc-27c">
         <name>.text:PowerCC32XX_configureWakeup</name>
         <load_address>0x2000ce7c</load_address>
         <run_address>0x2000ce7c</run_address>
         <size>0xa8</size>
         <input_file_ref idref="fl-f"/>
      </object_component>
      <object_component id="oc-2a2">
         <name>.text:SemaphoreP_pend</name>
         <load_address>0x2000cf24</load_address>
         <run_address>0x2000cf24</run_address>
         <size>0xa0</size>
         <input_file_ref idref="fl-15"/>
      </object_component>
      <object_component id="oc-3b">
         <name>.text</name>
         <load_address>0x2000cfc4</load_address>
         <run_address>0x2000cfc4</run_address>
         <size>0x9c</size>
         <input_file_ref idref="fl-d9"/>
      </object_component>
      <object_component id="oc-2be">
         <name>.text:powerNotifyFxn</name>
         <load_address>0x2000d060</load_address>
         <run_address>0x2000d060</run_address>
         <size>0x98</size>
         <input_file_ref idref="fl-e"/>
      </object_component>
      <object_component id="oc-434">
         <name>.text</name>
         <load_address>0x2000d0f8</load_address>
         <run_address>0x2000d0f8</run_address>
         <size>0x96</size>
         <input_file_ref idref="fl-da"/>
      </object_component>
      <object_component id="oc-1c4">
         <name>.text:Board_initHook</name>
         <load_address>0x2000d18e</load_address>
         <run_address>0x2000d18e</run_address>
         <size>0x2</size>
         <input_file_ref idref="fl-3"/>
      </object_component>
      <object_component id="oc-4e1">
         <name>.text:restoreNVICRegs</name>
         <load_address>0x2000d190</load_address>
         <run_address>0x2000d190</run_address>
         <size>0x90</size>
         <input_file_ref idref="fl-f"/>
      </object_component>
      <object_component id="oc-3c7">
         <name>.text:HwiP_construct</name>
         <load_address>0x2000d220</load_address>
         <run_address>0x2000d220</run_address>
         <size>0x8c</size>
         <input_file_ref idref="fl-17"/>
      </object_component>
      <object_component id="oc-575">
         <name>.text:IntPendSet</name>
         <load_address>0x2000d2ac</load_address>
         <run_address>0x2000d2ac</run_address>
         <size>0x88</size>
         <input_file_ref idref="fl-1d"/>
      </object_component>
      <object_component id="oc-2c8">
         <name>.text:PinConfigSet</name>
         <load_address>0x2000d334</load_address>
         <run_address>0x2000d334</run_address>
         <size>0x88</size>
         <input_file_ref idref="fl-1e"/>
      </object_component>
      <object_component id="oc-1be">
         <name>.text:Power_init</name>
         <load_address>0x2000d3bc</load_address>
         <run_address>0x2000d3bc</run_address>
         <size>0x84</size>
         <input_file_ref idref="fl-f"/>
      </object_component>
      <object_component id="oc-4d6">
         <name>.text:saveNVICRegs</name>
         <load_address>0x2000d440</load_address>
         <run_address>0x2000d440</run_address>
         <size>0x84</size>
         <input_file_ref idref="fl-f"/>
      </object_component>
      <object_component id="oc-2ce">
         <name>.text:Power_setDependency</name>
         <load_address>0x2000d4c4</load_address>
         <run_address>0x2000d4c4</run_address>
         <size>0x80</size>
         <input_file_ref idref="fl-f"/>
      </object_component>
      <object_component id="oc-2f2">
         <name>.text:GPIO_hwiIntFxn</name>
         <load_address>0x2000d544</load_address>
         <run_address>0x2000d544</run_address>
         <size>0x78</size>
         <input_file_ref idref="fl-e"/>
      </object_component>
      <object_component id="oc-51d">
         <name>.text:split</name>
         <load_address>0x2000d5bc</load_address>
         <run_address>0x2000d5bc</run_address>
         <size>0x70</size>
         <input_file_ref idref="fl-de"/>
      </object_component>
      <object_component id="oc-14">
         <name>.text:decompress:lzss:__TI_decompress_lzss</name>
         <load_address>0x2000d62c</load_address>
         <run_address>0x2000d62c</run_address>
         <size>0x68</size>
         <input_file_ref idref="fl-dd"/>
      </object_component>
      <object_component id="oc-303">
         <name>.text:GPIO_toggle</name>
         <load_address>0x2000d694</load_address>
         <run_address>0x2000d694</run_address>
         <size>0x64</size>
         <input_file_ref idref="fl-e"/>
      </object_component>
      <object_component id="oc-3b5">
         <name>.text:PowerCC32XX_setParkState</name>
         <load_address>0x2000d6f8</load_address>
         <run_address>0x2000d6f8</run_address>
         <size>0x64</size>
         <input_file_ref idref="fl-f"/>
      </object_component>
      <object_component id="oc-24a">
         <name>.text:PRCMSysResetCauseGet</name>
         <load_address>0x2000d75c</load_address>
         <run_address>0x2000d75c</run_address>
         <size>0x60</size>
         <input_file_ref idref="fl-1f"/>
      </object_component>
      <object_component id="oc-1de">
         <name>.text:GPIO_setCallback</name>
         <load_address>0x2000d7bc</load_address>
         <run_address>0x2000d7bc</run_address>
         <size>0x5c</size>
         <input_file_ref idref="fl-e"/>
      </object_component>
      <object_component id="oc-535">
         <name>.text:sysTickInit</name>
         <load_address>0x2000d818</load_address>
         <run_address>0x2000d818</run_address>
         <size>0x5c</size>
         <input_file_ref idref="fl-16"/>
      </object_component>
      <object_component id="oc-1d8">
         <name>.text:GPIO_write</name>
         <load_address>0x2000d874</load_address>
         <run_address>0x2000d874</run_address>
         <size>0x58</size>
         <input_file_ref idref="fl-e"/>
      </object_component>
      <object_component id="oc-263">
         <name>.text:PRCMPeripheralReset</name>
         <load_address>0x2000d8cc</load_address>
         <run_address>0x2000d8cc</run_address>
         <size>0x58</size>
         <input_file_ref idref="fl-1f"/>
      </object_component>
      <object_component id="oc-552">
         <name>.text:PowerCC32XX_resumeLPDS</name>
         <load_address>0x2000d924</load_address>
         <run_address>0x2000d924</run_address>
         <size>0x52</size>
         <input_file_ref idref="fl-10"/>
      </object_component>
      <object_component id="oc-344">
         <name>.text:PowerCC32XX_initPolicy</name>
         <load_address>0x2000d976</load_address>
         <run_address>0x2000d976</run_address>
         <size>0x2</size>
         <input_file_ref idref="fl-18"/>
      </object_component>
      <object_component id="oc-79">
         <name>.text:ClockP_sysTickHandler</name>
         <load_address>0x2000d978</load_address>
         <run_address>0x2000d978</run_address>
         <size>0x50</size>
         <input_file_ref idref="fl-16"/>
      </object_component>
      <object_component id="oc-45a">
         <name>.text:SemaphoreP_construct</name>
         <load_address>0x2000d9c8</load_address>
         <run_address>0x2000d9c8</run_address>
         <size>0x50</size>
         <input_file_ref idref="fl-15"/>
      </object_component>
      <object_component id="oc-1e4">
         <name>.text:GPIO_enableInt</name>
         <load_address>0x2000da18</load_address>
         <run_address>0x2000da18</run_address>
         <size>0x4c</size>
         <input_file_ref idref="fl-e"/>
      </object_component>
      <object_component id="oc-549">
         <name>.text:PowerCC32XX_parkPin</name>
         <load_address>0x2000da64</load_address>
         <run_address>0x2000da64</run_address>
         <size>0x4c</size>
         <input_file_ref idref="fl-f"/>
      </object_component>
      <object_component id="oc-4e7">
         <name>.text:restorePeriphClocks</name>
         <load_address>0x2000dab0</load_address>
         <run_address>0x2000dab0</run_address>
         <size>0x4c</size>
         <input_file_ref idref="fl-f"/>
      </object_component>
      <object_component id="oc-56d">
         <name>.text:FlashDisable</name>
         <load_address>0x2000dafc</load_address>
         <run_address>0x2000dafc</run_address>
         <size>0x48</size>
         <input_file_ref idref="fl-22"/>
      </object_component>
      <object_component id="oc-4f3">
         <name>.text:PRCMLPDSEnter</name>
         <load_address>0x2000db44</load_address>
         <run_address>0x2000db44</run_address>
         <size>0x48</size>
         <input_file_ref idref="fl-1f"/>
      </object_component>
      <object_component id="oc-25d">
         <name>.text:PRCMPeripheralClkEnable</name>
         <load_address>0x2000db8c</load_address>
         <run_address>0x2000db8c</run_address>
         <size>0x48</size>
         <input_file_ref idref="fl-1f"/>
      </object_component>
      <object_component id="oc-482">
         <name>.text:ClockP_stop</name>
         <load_address>0x2000dbd4</load_address>
         <run_address>0x2000dbd4</run_address>
         <size>0x44</size>
         <input_file_ref idref="fl-16"/>
      </object_component>
      <object_component id="oc-557">
         <name>.text:PRCMLPDSRestoreInfoSet</name>
         <load_address>0x2000dc18</load_address>
         <run_address>0x2000dc18</run_address>
         <size>0x44</size>
         <input_file_ref idref="fl-1f"/>
      </object_component>
      <object_component id="oc-4dc">
         <name>.text:PowerCC32XX_enterLPDS</name>
         <load_address>0x2000dc5c</load_address>
         <run_address>0x2000dc5c</run_address>
         <size>0x44</size>
         <input_file_ref idref="fl-10"/>
      </object_component>
      <object_component id="oc-2ae">
         <name>.text:SemaphoreP_post</name>
         <load_address>0x2000dca0</load_address>
         <run_address>0x2000dca0</run_address>
         <size>0x44</size>
         <input_file_ref idref="fl-15"/>
      </object_component>
      <object_component id="oc-44a">
         <name>.text:SwiP_restore</name>
         <load_address>0x2000dce4</load_address>
         <run_address>0x2000dce4</run_address>
         <size>0x44</size>
         <input_file_ref idref="fl-1a"/>
      </object_component>
      <object_component id="oc-171">
         <name>.text:__TI_auto_init_nobinit_nopinit:__TI_auto_init_nobinit_nopinit</name>
         <load_address>0x2000dd28</load_address>
         <run_address>0x2000dd28</run_address>
         <size>0x44</size>
         <input_file_ref idref="fl-e2"/>
      </object_component>
      <object_component id="oc-15e">
         <name>.text:mainThread</name>
         <load_address>0x2000dd6c</load_address>
         <run_address>0x2000dd6c</run_address>
         <size>0x44</size>
         <input_file_ref idref="fl-2"/>
      </object_component>
      <object_component id="oc-275">
         <name>.text:PinModeSet</name>
         <load_address>0x2000ddb0</load_address>
         <run_address>0x2000ddb0</run_address>
         <size>0x40</size>
         <input_file_ref idref="fl-1e"/>
      </object_component>
      <object_component id="oc-385">
         <name>.text:ClockP_destruct</name>
         <load_address>0x2000ddf0</load_address>
         <run_address>0x2000ddf0</run_address>
         <size>0x3c</size>
         <input_file_ref idref="fl-16"/>
      </object_component>
      <object_component id="oc-42e">
         <name>.text:getCountsRTC</name>
         <load_address>0x2000de2c</load_address>
         <run_address>0x2000de2c</run_address>
         <size>0x3a</size>
         <input_file_ref idref="fl-18"/>
      </object_component>
      <object_component id="oc-30c">
         <name>.text:_nop</name>
         <load_address>0x2000de66</load_address>
         <run_address>0x2000de66</run_address>
         <size>0x2</size>
         <input_file_ref idref="fl-e6"/>
      </object_component>
      <object_component id="oc-4f9">
         <name>.text:PRCMLPDSEnterKeepDebugIf</name>
         <load_address>0x2000de68</load_address>
         <run_address>0x2000de68</run_address>
         <size>0x38</size>
         <input_file_ref idref="fl-1f"/>
      </object_component>
      <object_component id="oc-db">
         <name>.text:addToList</name>
         <load_address>0x2000dea0</load_address>
         <run_address>0x2000dea0</run_address>
         <size>0x38</size>
         <input_file_ref idref="fl-16"/>
      </object_component>
      <object_component id="oc-59">
         <name>.text:initVectors</name>
         <load_address>0x2000ded8</load_address>
         <run_address>0x2000ded8</run_address>
         <size>0x38</size>
         <input_file_ref idref="fl-19"/>
      </object_component>
      <object_component id="oc-4ca">
         <name>.text:notify</name>
         <load_address>0x2000df10</load_address>
         <run_address>0x2000df10</run_address>
         <size>0x38</size>
         <input_file_ref idref="fl-f"/>
      </object_component>
      <object_component id="oc-41c">
         <name>.text:ClockP_getTicksUntilInterrupt</name>
         <load_address>0x2000df48</load_address>
         <run_address>0x2000df48</run_address>
         <size>0x34</size>
         <input_file_ref idref="fl-16"/>
      </object_component>
      <object_component id="oc-4bb">
         <name>.text:ClockP_startup</name>
         <load_address>0x2000df7c</load_address>
         <run_address>0x2000df7c</run_address>
         <size>0x34</size>
         <input_file_ref idref="fl-16"/>
      </object_component>
      <object_component id="oc-26f">
         <name>.text:PinModeGet</name>
         <load_address>0x2000dfb0</load_address>
         <run_address>0x2000dfb0</run_address>
         <size>0x34</size>
         <input_file_ref idref="fl-1e"/>
      </object_component>
      <object_component id="oc-373">
         <name>.text:ClockP_start</name>
         <load_address>0x2000dfe4</load_address>
         <run_address>0x2000dfe4</run_address>
         <size>0x30</size>
         <input_file_ref idref="fl-16"/>
      </object_component>
      <object_component id="oc-566">
         <name>.text:PowerCC32XX_restoreParkedPin</name>
         <load_address>0x2000e014</load_address>
         <run_address>0x2000e014</run_address>
         <size>0x30</size>
         <input_file_ref idref="fl-f"/>
      </object_component>
      <object_component id="oc-2da">
         <name>.text:HwiP_create</name>
         <load_address>0x2000e044</load_address>
         <run_address>0x2000e044</run_address>
         <size>0x2a</size>
         <input_file_ref idref="fl-17"/>
      </object_component>
      <object_component id="oc-73">
         <name>.text:busFaultHandler</name>
         <load_address>0x2000e06e</load_address>
         <run_address>0x2000e06e</run_address>
         <size>0x2</size>
         <input_file_ref idref="fl-19"/>
      </object_component>
      <object_component id="oc-269">
         <name>.text:PRCMPeripheralClkDisable</name>
         <load_address>0x2000e070</load_address>
         <run_address>0x2000e070</run_address>
         <size>0x28</size>
         <input_file_ref idref="fl-1f"/>
      </object_component>
      <object_component id="oc-2a8">
         <name>.text:Power_registerNotify</name>
         <load_address>0x2000e098</load_address>
         <run_address>0x2000e098</run_address>
         <size>0x28</size>
         <input_file_ref idref="fl-f"/>
      </object_component>
      <object_component id="oc-47a">
         <name>.text:free_list_insert</name>
         <load_address>0x2000e0c0</load_address>
         <run_address>0x2000e0c0</run_address>
         <size>0x28</size>
         <input_file_ref idref="fl-de"/>
      </object_component>
      <object_component id="oc-395">
         <name>.text:List_put</name>
         <load_address>0x2000e0e8</load_address>
         <run_address>0x2000e0e8</run_address>
         <size>0x26</size>
         <input_file_ref idref="fl-12"/>
      </object_component>
      <object_component id="oc-38b">
         <name>.text:clkFxn</name>
         <load_address>0x2000e10e</load_address>
         <run_address>0x2000e10e</run_address>
         <size>0x2</size>
         <input_file_ref idref="fl-15"/>
      </object_component>
      <object_component id="oc-4a2">
         <name>.text:HwiP_dispatch</name>
         <load_address>0x2000e110</load_address>
         <run_address>0x2000e110</run_address>
         <size>0x24</size>
         <input_file_ref idref="fl-17"/>
      </object_component>
      <object_component id="oc-c5">
         <name>.text:_c_int00_noargs:_c_int00_noargs</name>
         <load_address>0x2000e134</load_address>
         <run_address>0x2000e134</run_address>
         <size>0x24</size>
         <input_file_ref idref="fl-df"/>
      </object_component>
      <object_component id="oc-543">
         <name>.text:PinToPadGet</name>
         <load_address>0x2000e158</load_address>
         <run_address>0x2000e158</run_address>
         <size>0x1c</size>
         <input_file_ref idref="fl-1e"/>
      </object_component>
      <object_component id="oc-410">
         <name>.text:SwiP_disable</name>
         <load_address>0x2000e174</load_address>
         <run_address>0x2000e174</run_address>
         <size>0x1c</size>
         <input_file_ref idref="fl-1a"/>
      </object_component>
      <object_component id="oc-47">
         <name>.text:decompress:ZI:__TI_zero_init_nomemset:__TI_zero_init_nomemset</name>
         <load_address>0x2000e190</load_address>
         <run_address>0x2000e190</run_address>
         <size>0x1c</size>
         <input_file_ref idref="fl-db"/>
      </object_component>
      <object_component id="oc-474">
         <name>.text:free_list_remove</name>
         <load_address>0x2000e1ac</load_address>
         <run_address>0x2000e1ac</run_address>
         <size>0x1c</size>
         <input_file_ref idref="fl-de"/>
      </object_component>
      <object_component id="oc-28a">
         <name>.text:SemaphoreP_createBinary</name>
         <load_address>0x2000e1c8</load_address>
         <run_address>0x2000e1c8</run_address>
         <size>0x1a</size>
         <input_file_ref idref="fl-15"/>
      </object_component>
      <object_component id="oc-6d">
         <name>.text:defaultHandler</name>
         <load_address>0x2000e1e2</load_address>
         <run_address>0x2000e1e2</run_address>
         <size>0x2</size>
         <input_file_ref idref="fl-19"/>
      </object_component>
      <object_component id="oc-21">
         <name>.text:resetISR</name>
         <load_address>0x2000e1e4</load_address>
         <run_address>0x2000e1e4</run_address>
         <size>0x1a</size>
         <input_file_ref idref="fl-19"/>
      </object_component>
      <object_component id="oc-67">
         <name>.text:faultISR</name>
         <load_address>0x2000e1fe</load_address>
         <run_address>0x2000e1fe</run_address>
         <size>0x2</size>
         <input_file_ref idref="fl-19"/>
      </object_component>
      <object_component id="oc-422">
         <name>.text:Power_getTransitionLatency</name>
         <load_address>0x2000e200</load_address>
         <run_address>0x2000e200</run_address>
         <size>0x18</size>
         <input_file_ref idref="fl-f"/>
      </object_component>
      <object_component id="oc-50c">
         <name>.text:Power_idleFunc</name>
         <load_address>0x2000e218</load_address>
         <run_address>0x2000e218</run_address>
         <size>0x18</size>
         <input_file_ref idref="fl-f"/>
      </object_component>
      <object_component id="oc-43f">
         <name>.text</name>
         <load_address>0x2000e230</load_address>
         <run_address>0x2000e230</run_address>
         <size>0x18</size>
         <input_file_ref idref="fl-d8"/>
      </object_component>
      <object_component id="oc-257">
         <name>.text:PRCMHIBRegRead</name>
         <load_address>0x2000e248</load_address>
         <run_address>0x2000e248</run_address>
         <size>0x16</size>
         <input_file_ref idref="fl-1f"/>
      </object_component>
      <object_component id="oc-251">
         <name>.text:PRCMHIBRegWrite</name>
         <load_address>0x2000e25e</load_address>
         <run_address>0x2000e25e</run_address>
         <size>0x16</size>
         <input_file_ref idref="fl-1f"/>
      </object_component>
      <object_component id="oc-35b">
         <name>.text:SemaphoreP_create</name>
         <load_address>0x2000e274</load_address>
         <run_address>0x2000e274</run_address>
         <size>0x16</size>
         <input_file_ref idref="fl-15"/>
      </object_component>
      <object_component id="oc-a3">
         <name>.text:CPUcpsid</name>
         <load_address>0x2000e28a</load_address>
         <run_address>0x2000e28a</run_address>
         <size>0x14</size>
         <input_file_ref idref="fl-1c"/>
      </object_component>
      <object_component id="oc-61">
         <name>.text:nmiISR</name>
         <load_address>0x2000e29e</load_address>
         <run_address>0x2000e29e</run_address>
         <size>0x2</size>
         <input_file_ref idref="fl-19"/>
      </object_component>
      <object_component id="oc-39c">
         <name>.text:HwiP_inISR</name>
         <load_address>0x2000e2a0</load_address>
         <run_address>0x2000e2a0</run_address>
         <size>0x14</size>
         <input_file_ref idref="fl-17"/>
      </object_component>
      <object_component id="oc-af">
         <name>.text:IntVTableBaseSet</name>
         <load_address>0x2000e2b4</load_address>
         <run_address>0x2000e2b4</run_address>
         <size>0x14</size>
         <input_file_ref idref="fl-1d"/>
      </object_component>
      <object_component id="oc-3a2">
         <name>.text:Power_disablePolicy</name>
         <load_address>0x2000e2c8</load_address>
         <run_address>0x2000e2c8</run_address>
         <size>0x14</size>
         <input_file_ref idref="fl-f"/>
      </object_component>
      <object_component id="oc-55f">
         <name>.text:Power_getDependencyCount</name>
         <load_address>0x2000e2dc</load_address>
         <run_address>0x2000e2dc</run_address>
         <size>0x14</size>
         <input_file_ref idref="fl-f"/>
      </object_component>
      <object_component id="oc-2d4">
         <name>.text:HwiP_Params_init</name>
         <load_address>0x2000e2f0</load_address>
         <run_address>0x2000e2f0</run_address>
         <size>0x12</size>
         <input_file_ref idref="fl-17"/>
      </object_component>
      <object_component id="oc-11a">
         <name>.text:main</name>
         <load_address>0x2000e302</load_address>
         <run_address>0x2000e302</run_address>
         <size>0x12</size>
         <input_file_ref idref="fl-4"/>
      </object_component>
      <object_component id="oc-152">
         <name>.text:Board_init</name>
         <load_address>0x2000e314</load_address>
         <run_address>0x2000e314</run_address>
         <size>0x10</size>
         <input_file_ref idref="fl-3"/>
      </object_component>
      <object_component id="oc-36d">
         <name>.text:ClockP_add</name>
         <load_address>0x2000e324</load_address>
         <run_address>0x2000e324</run_address>
         <size>0x10</size>
         <input_file_ref idref="fl-16"/>
      </object_component>
      <object_component id="oc-40a">
         <name>.text:ClockP_getCpuFreq</name>
         <load_address>0x2000e334</load_address>
         <run_address>0x2000e334</run_address>
         <size>0x10</size>
         <input_file_ref idref="fl-16"/>
      </object_component>
      <object_component id="oc-428">
         <name>.text:ClockP_getSystemTicks</name>
         <load_address>0x2000e344</load_address>
         <run_address>0x2000e344</run_address>
         <size>0x10</size>
         <input_file_ref idref="fl-16"/>
      </object_component>
      <object_component id="oc-444">
         <name>.text:ClockP_setTicks</name>
         <load_address>0x2000e354</load_address>
         <run_address>0x2000e354</run_address>
         <size>0x10</size>
         <input_file_ref idref="fl-16"/>
      </object_component>
      <object_component id="oc-296">
         <name>.text:HwiP_restore</name>
         <load_address>0x2000e364</load_address>
         <run_address>0x2000e364</run_address>
         <size>0x10</size>
         <input_file_ref idref="fl-17"/>
      </object_component>
      <object_component id="oc-379">
         <name>.text:Power_enablePolicy</name>
         <load_address>0x2000e374</load_address>
         <run_address>0x2000e374</run_address>
         <size>0x10</size>
         <input_file_ref idref="fl-f"/>
      </object_component>
      <object_component id="oc-355">
         <name>.text:SemaphoreP_Params_init</name>
         <load_address>0x2000e384</load_address>
         <run_address>0x2000e384</run_address>
         <size>0x10</size>
         <input_file_ref idref="fl-15"/>
      </object_component>
      <object_component id="oc-290">
         <name>.text:HwiP_disable</name>
         <load_address>0x2000e394</load_address>
         <run_address>0x2000e394</run_address>
         <size>0xe</size>
         <input_file_ref idref="fl-17"/>
      </object_component>
      <object_component id="oc-158">
         <name>.text:HwiP_enable</name>
         <load_address>0x2000e3a2</load_address>
         <run_address>0x2000e3a2</run_address>
         <size>0xe</size>
         <input_file_ref idref="fl-17"/>
      </object_component>
      <object_component id="oc-1a">
         <name>.text:decompress:none:__TI_decompress_none</name>
         <load_address>0x2000e3b0</load_address>
         <run_address>0x2000e3b0</run_address>
         <size>0xe</size>
         <input_file_ref idref="fl-dc"/>
      </object_component>
      <object_component id="oc-1ea">
         <name>.text:gpioButtonFxn0</name>
         <load_address>0x2000e3be</load_address>
         <run_address>0x2000e3be</run_address>
         <size>0xe</size>
         <input_file_ref idref="fl-2"/>
      </object_component>
      <object_component id="oc-416">
         <name>.text:Power_getConstraintMask</name>
         <load_address>0x2000e3cc</load_address>
         <run_address>0x2000e3cc</run_address>
         <size>0xc</size>
         <input_file_ref idref="fl-f"/>
      </object_component>
      <object_component id="oc-37f">
         <name>.text:ClockP_isActive</name>
         <load_address>0x2000e3d8</load_address>
         <run_address>0x2000e3d8</run_address>
         <size>0xa</size>
         <input_file_ref idref="fl-16"/>
      </object_component>
      <object_component id="oc-53">
         <name>.text:IntMasterDisable</name>
         <load_address>0x2000e3e2</load_address>
         <run_address>0x2000e3e2</run_address>
         <size>0xa</size>
         <input_file_ref idref="fl-1d"/>
      </object_component>
      <object_component id="oc-3c1">
         <name>.text:malloc</name>
         <load_address>0x2000e3ec</load_address>
         <run_address>0x2000e3ec</run_address>
         <size>0x8</size>
         <input_file_ref idref="fl-de"/>
      </object_component>
      <object_component id="oc-250">
         <name>.text:UtilsDelay</name>
         <load_address>0x2000e3f4</load_address>
         <run_address>0x2000e3f4</run_address>
         <size>0x6</size>
         <input_file_ref idref="fl-21"/>
      </object_component>
      <object_component id="oc-502">
         <name>.text:HwiP_post</name>
         <load_address>0x2000e3fa</load_address>
         <run_address>0x2000e3fa</run_address>
         <size>0x4</size>
         <input_file_ref idref="fl-17"/>
      </object_component>
      <object_component id="oc-29c">
         <name>.text:SemaphoreP_delete</name>
         <load_address>0x2000e3fe</load_address>
         <run_address>0x2000e3fe</run_address>
         <size>0x4</size>
         <input_file_ref idref="fl-15"/>
      </object_component>
      <object_component id="oc-114">
         <name>.text:_system_pre_init</name>
         <load_address>0x2000e402</load_address>
         <run_address>0x2000e402</run_address>
         <size>0x4</size>
         <input_file_ref idref="fl-e3"/>
      </object_component>
      <object_component id="oc-165">
         <name>.text:abort:abort</name>
         <load_address>0x2000e406</load_address>
         <run_address>0x2000e406</run_address>
         <size>0x4</size>
         <input_file_ref idref="fl-e5"/>
      </object_component>
      <object_component id="oc-4c4">
         <name>.text</name>
         <load_address>0x2000e40a</load_address>
         <run_address>0x2000e40a</run_address>
         <size>0x2</size>
         <input_file_ref idref="fl-e0"/>
      </object_component>
      <object_component id="oc-33a">
         <name>.const:g_ulPinToPadMap</name>
         <load_address>0x2000e9c8</load_address>
         <run_address>0x2000e9c8</run_address>
         <size>0x100</size>
         <input_file_ref idref="fl-1e"/>
      </object_component>
      <object_component id="oc-333">
         <name>.const:PRCM_PeriphRegsList</name>
         <load_address>0x2000eac8</load_address>
         <run_address>0x2000eac8</run_address>
         <size>0xa8</size>
         <input_file_ref idref="fl-1f"/>
      </object_component>
      <object_component id="oc-285">
         <name>.const:PowerCC32XX_config</name>
         <load_address>0x2000eb70</load_address>
         <run_address>0x2000eb70</run_address>
         <size>0x44</size>
         <input_file_ref idref="fl-3"/>
      </object_component>
      <object_component id="oc-2e0">
         <name>.const:.string:pinTable</name>
         <load_address>0x2000ebb4</load_address>
         <run_address>0x2000ebb4</run_address>
         <size>0x21</size>
         <input_file_ref idref="fl-e"/>
      </object_component>
      <object_component id="oc-10e">
         <name>.const:g_pulEnRegs</name>
         <load_address>0x2000ebd8</load_address>
         <run_address>0x2000ebd8</run_address>
         <size>0x18</size>
         <input_file_ref idref="fl-1d"/>
      </object_component>
      <object_component id="oc-58c">
         <name>.const:g_pulPendRegs</name>
         <load_address>0x2000ebf0</load_address>
         <run_address>0x2000ebf0</run_address>
         <size>0x18</size>
         <input_file_ref idref="fl-1d"/>
      </object_component>
      <object_component id="oc-2b8">
         <name>.const:GPIOCC32XX_config</name>
         <load_address>0x2000ec08</load_address>
         <run_address>0x2000ec08</run_address>
         <size>0x14</size>
         <input_file_ref idref="fl-3"/>
      </object_component>
      <object_component id="oc-2fb">
         <name>.const:gpioBaseAddresses</name>
         <load_address>0x2000ec1c</load_address>
         <run_address>0x2000ec1c</run_address>
         <size>0x14</size>
         <input_file_ref idref="fl-e"/>
      </object_component>
      <object_component id="oc-2e3">
         <name>.const:powerResources</name>
         <load_address>0x2000ec30</load_address>
         <run_address>0x2000ec30</run_address>
         <size>0x14</size>
         <input_file_ref idref="fl-e"/>
      </object_component>
      <object_component id="oc-2e9">
         <name>.const:outPinTypes</name>
         <load_address>0x2000ec44</load_address>
         <run_address>0x2000ec44</run_address>
         <size>0x8</size>
         <input_file_ref idref="fl-e"/>
      </object_component>
      <object_component id="oc-2f8">
         <name>.const:.string:interruptType</name>
         <load_address>0x2000ec4c</load_address>
         <run_address>0x2000ec4c</run_address>
         <size>0x6</size>
         <input_file_ref idref="fl-e"/>
      </object_component>
      <object_component id="oc-2ec">
         <name>.const:inPinTypes</name>
         <load_address>0x2000ec52</load_address>
         <run_address>0x2000ec52</run_address>
         <size>0x6</size>
         <input_file_ref idref="fl-e"/>
      </object_component>
      <object_component id="oc-2e6">
         <name>.const:outPinStrengths</name>
         <load_address>0x2000ec58</load_address>
         <run_address>0x2000ec58</run_address>
         <size>0x6</size>
         <input_file_ref idref="fl-e"/>
      </object_component>
      <object_component id="oc-2ef">
         <name>.const:.string:portInterruptIds</name>
         <load_address>0x2000ec5e</load_address>
         <run_address>0x2000ec5e</run_address>
         <size>0x4</size>
         <input_file_ref idref="fl-e"/>
      </object_component>
      <object_component id="oc-5c0">
         <name>.cinit..data.load</name>
         <load_address>0x2000edf0</load_address>
         <run_address>0x2000edf0</run_address>
         <size>0xc7</size>
      </object_component>
      <object_component id="oc-5be">
         <name>__TI_handler_table</name>
         <load_address>0x2000eeb8</load_address>
         <run_address>0x2000eeb8</run_address>
         <size>0xc</size>
      </object_component>
      <object_component id="oc-5c1">
         <name>.cinit..bss.load</name>
         <load_address>0x2000eec8</load_address>
         <run_address>0x2000eec8</run_address>
         <size>0x8</size>
      </object_component>
      <object_component id="oc-5bf">
         <name>__TI_cinit_table</name>
         <load_address>0x2000eed0</load_address>
         <run_address>0x2000eed0</run_address>
         <size>0x10</size>
      </object_component>
      <object_component id="oc-3ab">
         <name>.data:gpioPinConfigs</name>
         <load_address>0x2000e988</load_address>
         <run_address>0x2000e988</run_address>
         <size>0xc</size>
         <input_file_ref idref="fl-3"/>
      </object_component>
      <object_component id="oc-3ae">
         <name>.data:gpioCallbackFunctions</name>
         <load_address>0x2000e97c</load_address>
         <run_address>0x2000e97c</run_address>
         <size>0xc</size>
         <input_file_ref idref="fl-3"/>
      </object_component>
      <object_component id="oc-350">
         <name>.data:parkInfo</name>
         <load_address>0x2000e884</load_address>
         <run_address>0x2000e884</run_address>
         <size>0xf8</size>
         <input_file_ref idref="fl-3"/>
      </object_component>
      <object_component id="oc-2b5">
         <name>.data</name>
         <load_address>0x2000e994</load_address>
         <run_address>0x2000e994</run_address>
         <size>0x9</size>
         <input_file_ref idref="fl-e"/>
      </object_component>
      <object_component id="oc-282">
         <name>.data:PowerCC32XX_module</name>
         <load_address>0x2000e718</load_address>
         <run_address>0x2000e718</run_address>
         <size>0x16c</size>
         <input_file_ref idref="fl-f"/>
      </object_component>
      <object_component id="oc-391">
         <name>.data</name>
         <load_address>0x2000e99d</load_address>
         <run_address>0x2000e99d</run_address>
         <size>0x3</size>
         <input_file_ref idref="fl-15"/>
      </object_component>
      <object_component id="oc-456">
         <name>.data:SemaphoreP_defaultParams</name>
         <load_address>0x2000e9b0</load_address>
         <run_address>0x2000e9b0</run_address>
         <size>0x8</size>
         <input_file_ref idref="fl-15"/>
      </object_component>
      <object_component id="oc-450">
         <name>.data</name>
         <load_address>0x2000e9c0</load_address>
         <run_address>0x2000e9c0</run_address>
         <size>0x5</size>
         <input_file_ref idref="fl-16"/>
      </object_component>
      <object_component id="oc-49f">
         <name>.data:HwiP_dispatchTable</name>
         <load_address>0x2000e40c</load_address>
         <run_address>0x2000e40c</run_address>
         <size>0x30c</size>
         <input_file_ref idref="fl-17"/>
      </object_component>
      <object_component id="oc-4a8">
         <name>.data</name>
         <load_address>0x2000e9b8</load_address>
         <run_address>0x2000e9b8</run_address>
         <size>0x8</size>
         <input_file_ref idref="fl-17"/>
      </object_component>
      <object_component id="oc-515">
         <name>.data:$O1$$</name>
         <load_address>0x2000e9a8</load_address>
         <run_address>0x2000e9a8</run_address>
         <size>0x8</size>
         <input_file_ref idref="fl-de"/>
      </object_component>
      <object_component id="oc-1f5">
         <name>.data:$O1$$</name>
         <load_address>0x2000e9a0</load_address>
         <run_address>0x2000e9a0</run_address>
         <size>0x8</size>
         <input_file_ref idref="fl-e6"/>
      </object_component>
      <object_component id="oc-2c4">
         <name>.bss:gpioCallbackInfo</name>
         <uninitialized>true</uninitialized>
         <run_address>0x2000ed94</run_address>
         <size>0x20</size>
         <input_file_ref idref="fl-e"/>
      </object_component>
      <object_component id="oc-2bb">
         <name>.bss:powerNotifyObj</name>
         <uninitialized>true</uninitialized>
         <run_address>0x2000edb4</run_address>
         <size>0x14</size>
         <input_file_ref idref="fl-e"/>
      </object_component>
      <object_component id="oc-2b4">
         <name>.bss</name>
         <uninitialized>true</uninitialized>
         <run_address>0x2000ede8</run_address>
         <size>0x4</size>
         <input_file_ref idref="fl-e"/>
      </object_component>
      <object_component id="oc-53b">
         <name>.bss</name>
         <uninitialized>true</uninitialized>
         <run_address>0x2000edec</run_address>
         <size>0x4</size>
         <input_file_ref idref="fl-16"/>
      </object_component>
      <object_component id="oc-4af">
         <name>.bss</name>
         <uninitialized>true</uninitialized>
         <run_address>0x2000edd8</run_address>
         <size>0xd</size>
         <input_file_ref idref="fl-1a"/>
      </object_component>
      <object_component id="oc-550">
         <name>.common:PowerCC32XX_contextSave</name>
         <uninitialized>true</uninitialized>
         <run_address>0x2000ec68</run_address>
         <size>0x12c</size>
      </object_component>
      <object_component id="oc-e1">
         <name>.common:ClockP_ctrl</name>
         <uninitialized>true</uninitialized>
         <run_address>0x2000edc8</run_address>
         <size>0x10</size>
      </object_component>
      <object_component id="oc-2a">
         <name>.sysmem</name>
         <uninitialized>true</uninitialized>
         <run_address>0x20004040</run_address>
         <size>0x10</size>
         <input_file_ref idref="fl-de"/>
      </object_component>
      <object_component id="oc-5c4">
         <name>.sysmem</name>
         <uninitialized>true</uninitialized>
         <run_address>0x20004040</run_address>
         <size>0x0</size>
      </object_component>
      <object_component id="oc-2d">
         <name>.stack</name>
         <uninitialized>true</uninitialized>
         <run_address>0x20003000</run_address>
         <size>0x4</size>
         <input_file_ref idref="fl-df"/>
      </object_component>
      <object_component id="oc-5c3">
         <name>.stack</name>
         <uninitialized>true</uninitialized>
         <run_address>0x20003000</run_address>
         <size>0x0</size>
      </object_component>
      <object_component id="oc-27">
         <name>.resetVecs:retain</name>
         <load_address>0x20004000</load_address>
         <run_address>0x20004000</run_address>
         <size>0x40</size>
         <input_file_ref idref="fl-19"/>
      </object_component>
      <object_component id="oc-bb">
         <name>.ramVecs</name>
         <uninitialized>true</uninitialized>
         <run_address>0x20000000</run_address>
         <size>0x30c</size>
         <input_file_ref idref="fl-19"/>
      </object_component>
      <object_component id="oc-14d">
         <name>.debug_info</name>
         <load_address>0x0</load_address>
         <run_address>0x0</run_address>
         <size>0x2fb</size>
         <input_file_ref idref="fl-2"/>
      </object_component>
      <object_component id="oc-1eb">
         <name>.debug_info</name>
         <load_address>0x2fb</load_address>
         <run_address>0x2fb</run_address>
         <size>0x17a</size>
         <input_file_ref idref="fl-2"/>
      </object_component>
      <object_component id="oc-160">
         <name>.debug_info</name>
         <load_address>0x475</load_address>
         <run_address>0x475</run_address>
         <size>0x1ec</size>
         <input_file_ref idref="fl-2"/>
      </object_component>
      <object_component id="oc-134">
         <name>.debug_info</name>
         <load_address>0x661</load_address>
         <run_address>0x661</run_address>
         <size>0x100</size>
         <input_file_ref idref="fl-2"/>
      </object_component>
      <object_component id="oc-1a7">
         <name>.debug_info</name>
         <load_address>0x761</load_address>
         <run_address>0x761</run_address>
         <size>0x3b0</size>
         <input_file_ref idref="fl-2"/>
      </object_component>
      <object_component id="oc-245">
         <name>.debug_info</name>
         <load_address>0xb11</load_address>
         <run_address>0xb11</run_address>
         <size>0xf8</size>
         <input_file_ref idref="fl-2"/>
      </object_component>
      <object_component id="oc-e7">
         <name>.debug_info</name>
         <load_address>0xc09</load_address>
         <run_address>0xc09</run_address>
         <size>0x26b</size>
         <input_file_ref idref="fl-2"/>
      </object_component>
      <object_component id="oc-108">
         <name>.debug_info</name>
         <load_address>0xe74</load_address>
         <run_address>0xe74</run_address>
         <size>0x8b</size>
         <input_file_ref idref="fl-2"/>
      </object_component>
      <object_component id="oc-1b1">
         <name>.debug_info</name>
         <load_address>0xeff</load_address>
         <run_address>0xeff</run_address>
         <size>0x3b</size>
         <input_file_ref idref="fl-2"/>
      </object_component>
      <object_component id="oc-148">
         <name>.debug_info</name>
         <load_address>0xf3a</load_address>
         <run_address>0xf3a</run_address>
         <size>0x2a4</size>
         <input_file_ref idref="fl-2"/>
      </object_component>
      <object_component id="oc-1ac">
         <name>.debug_info</name>
         <load_address>0x11de</load_address>
         <run_address>0x11de</run_address>
         <size>0xef</size>
         <input_file_ref idref="fl-2"/>
      </object_component>
      <object_component id="oc-12f">
         <name>.debug_info</name>
         <load_address>0x12cd</load_address>
         <run_address>0x12cd</run_address>
         <size>0xbb</size>
         <input_file_ref idref="fl-2"/>
      </object_component>
      <object_component id="oc-240">
         <name>.debug_info</name>
         <load_address>0x1388</load_address>
         <run_address>0x1388</run_address>
         <size>0x53</size>
         <input_file_ref idref="fl-2"/>
      </object_component>
      <object_component id="oc-1a3">
         <name>.debug_info</name>
         <load_address>0x13db</load_address>
         <run_address>0x13db</run_address>
         <size>0x63e</size>
         <input_file_ref idref="fl-3"/>
      </object_component>
      <object_component id="oc-3ac">
         <name>.debug_info</name>
         <load_address>0x1a19</load_address>
         <run_address>0x1a19</run_address>
         <size>0x10d</size>
         <input_file_ref idref="fl-3"/>
      </object_component>
      <object_component id="oc-3af">
         <name>.debug_info</name>
         <load_address>0x1b26</load_address>
         <run_address>0x1b26</run_address>
         <size>0x11b</size>
         <input_file_ref idref="fl-3"/>
      </object_component>
      <object_component id="oc-2b9">
         <name>.debug_info</name>
         <load_address>0x1c41</load_address>
         <run_address>0x1c41</run_address>
         <size>0x113</size>
         <input_file_ref idref="fl-3"/>
      </object_component>
      <object_component id="oc-286">
         <name>.debug_info</name>
         <load_address>0x1d54</load_address>
         <run_address>0x1d54</run_address>
         <size>0x115</size>
         <input_file_ref idref="fl-3"/>
      </object_component>
      <object_component id="oc-351">
         <name>.debug_info</name>
         <load_address>0x1e69</load_address>
         <run_address>0x1e69</run_address>
         <size>0x102</size>
         <input_file_ref idref="fl-3"/>
      </object_component>
      <object_component id="oc-1c5">
         <name>.debug_info</name>
         <load_address>0x1f6b</load_address>
         <run_address>0x1f6b</run_address>
         <size>0x15c</size>
         <input_file_ref idref="fl-3"/>
      </object_component>
      <object_component id="oc-154">
         <name>.debug_info</name>
         <load_address>0x20c7</load_address>
         <run_address>0x20c7</run_address>
         <size>0x192</size>
         <input_file_ref idref="fl-3"/>
      </object_component>
      <object_component id="oc-23b">
         <name>.debug_info</name>
         <load_address>0x2259</load_address>
         <run_address>0x2259</run_address>
         <size>0x2a7</size>
         <input_file_ref idref="fl-3"/>
      </object_component>
      <object_component id="oc-222">
         <name>.debug_info</name>
         <load_address>0x2500</load_address>
         <run_address>0x2500</run_address>
         <size>0x198</size>
         <input_file_ref idref="fl-3"/>
      </object_component>
      <object_component id="oc-227">
         <name>.debug_info</name>
         <load_address>0x2698</load_address>
         <run_address>0x2698</run_address>
         <size>0x4cf</size>
         <input_file_ref idref="fl-3"/>
      </object_component>
      <object_component id="oc-21d">
         <name>.debug_info</name>
         <load_address>0x2b67</load_address>
         <run_address>0x2b67</run_address>
         <size>0x878</size>
         <input_file_ref idref="fl-3"/>
      </object_component>
      <object_component id="oc-13e">
         <name>.debug_info</name>
         <load_address>0x33df</load_address>
         <run_address>0x33df</run_address>
         <size>0x137</size>
         <input_file_ref idref="fl-3"/>
      </object_component>
      <object_component id="oc-213">
         <name>.debug_info</name>
         <load_address>0x3516</load_address>
         <run_address>0x3516</run_address>
         <size>0x9a</size>
         <input_file_ref idref="fl-3"/>
      </object_component>
      <object_component id="oc-32b">
         <name>.debug_info</name>
         <load_address>0x35b0</load_address>
         <run_address>0x35b0</run_address>
         <size>0xb6</size>
         <input_file_ref idref="fl-3"/>
      </object_component>
      <object_component id="oc-218">
         <name>.debug_info</name>
         <load_address>0x3666</load_address>
         <run_address>0x3666</run_address>
         <size>0x223</size>
         <input_file_ref idref="fl-3"/>
      </object_component>
      <object_component id="oc-231">
         <name>.debug_info</name>
         <load_address>0x3889</load_address>
         <run_address>0x3889</run_address>
         <size>0x518</size>
         <input_file_ref idref="fl-3"/>
      </object_component>
      <object_component id="oc-22c">
         <name>.debug_info</name>
         <load_address>0x3da1</load_address>
         <run_address>0x3da1</run_address>
         <size>0xbb</size>
         <input_file_ref idref="fl-3"/>
      </object_component>
      <object_component id="oc-236">
         <name>.debug_info</name>
         <load_address>0x3e5c</load_address>
         <run_address>0x3e5c</run_address>
         <size>0xa1</size>
         <input_file_ref idref="fl-3"/>
      </object_component>
      <object_component id="oc-3fa">
         <name>.debug_info</name>
         <load_address>0x3efd</load_address>
         <run_address>0x3efd</run_address>
         <size>0x62</size>
         <input_file_ref idref="fl-3"/>
      </object_component>
      <object_component id="oc-aa">
         <name>.debug_info</name>
         <load_address>0x3f5f</load_address>
         <run_address>0x3f5f</run_address>
         <size>0x2c</size>
         <input_file_ref idref="fl-3"/>
      </object_component>
      <object_component id="oc-11c">
         <name>.debug_info</name>
         <load_address>0x3f8b</load_address>
         <run_address>0x3f8b</run_address>
         <size>0x15a</size>
         <input_file_ref idref="fl-4"/>
      </object_component>
      <object_component id="oc-36">
         <name>.debug_info</name>
         <load_address>0x40e5</load_address>
         <run_address>0x40e5</run_address>
         <size>0x84</size>
         <input_file_ref idref="fl-4"/>
      </object_component>
      <object_component id="oc-2ff">
         <name>.debug_info</name>
         <load_address>0x4169</load_address>
         <run_address>0x4169</run_address>
         <size>0x5e5</size>
         <input_file_ref idref="fl-e"/>
      </object_component>
      <object_component id="oc-2f9">
         <name>.debug_info</name>
         <load_address>0x474e</load_address>
         <run_address>0x474e</run_address>
         <size>0xe8</size>
         <input_file_ref idref="fl-e"/>
      </object_component>
      <object_component id="oc-2f0">
         <name>.debug_info</name>
         <load_address>0x4836</load_address>
         <run_address>0x4836</run_address>
         <size>0xee</size>
         <input_file_ref idref="fl-e"/>
      </object_component>
      <object_component id="oc-2ed">
         <name>.debug_info</name>
         <load_address>0x4924</load_address>
         <run_address>0x4924</run_address>
         <size>0xe3</size>
         <input_file_ref idref="fl-e"/>
      </object_component>
      <object_component id="oc-2ea">
         <name>.debug_info</name>
         <load_address>0x4a07</load_address>
         <run_address>0x4a07</run_address>
         <size>0xe5</size>
         <input_file_ref idref="fl-e"/>
      </object_component>
      <object_component id="oc-2e7">
         <name>.debug_info</name>
         <load_address>0x4aec</load_address>
         <run_address>0x4aec</run_address>
         <size>0xed</size>
         <input_file_ref idref="fl-e"/>
      </object_component>
      <object_component id="oc-2e1">
         <name>.debug_info</name>
         <load_address>0x4bd9</load_address>
         <run_address>0x4bd9</run_address>
         <size>0xde</size>
         <input_file_ref idref="fl-e"/>
      </object_component>
      <object_component id="oc-2fc">
         <name>.debug_info</name>
         <load_address>0x4cb7</load_address>
         <run_address>0x4cb7</run_address>
         <size>0xf0</size>
         <input_file_ref idref="fl-e"/>
      </object_component>
      <object_component id="oc-2e4">
         <name>.debug_info</name>
         <load_address>0x4da7</load_address>
         <run_address>0x4da7</run_address>
         <size>0xea</size>
         <input_file_ref idref="fl-e"/>
      </object_component>
      <object_component id="oc-2c5">
         <name>.debug_info</name>
         <load_address>0x4e91</load_address>
         <run_address>0x4e91</run_address>
         <size>0xee</size>
         <input_file_ref idref="fl-e"/>
      </object_component>
      <object_component id="oc-2b6">
         <name>.debug_info</name>
         <load_address>0x4f7f</load_address>
         <run_address>0x4f7f</run_address>
         <size>0x156</size>
         <input_file_ref idref="fl-e"/>
      </object_component>
      <object_component id="oc-2bc">
         <name>.debug_info</name>
         <load_address>0x50d5</load_address>
         <run_address>0x50d5</run_address>
         <size>0xea</size>
         <input_file_ref idref="fl-e"/>
      </object_component>
      <object_component id="oc-2f5">
         <name>.debug_info</name>
         <load_address>0x51bf</load_address>
         <run_address>0x51bf</run_address>
         <size>0x1c2</size>
         <input_file_ref idref="fl-e"/>
      </object_component>
      <object_component id="oc-1d5">
         <name>.debug_info</name>
         <load_address>0x5381</load_address>
         <run_address>0x5381</run_address>
         <size>0x3ee</size>
         <input_file_ref idref="fl-e"/>
      </object_component>
      <object_component id="oc-1e7">
         <name>.debug_info</name>
         <load_address>0x576f</load_address>
         <run_address>0x576f</run_address>
         <size>0x19f</size>
         <input_file_ref idref="fl-e"/>
      </object_component>
      <object_component id="oc-2c1">
         <name>.debug_info</name>
         <load_address>0x590e</load_address>
         <run_address>0x590e</run_address>
         <size>0x1f4</size>
         <input_file_ref idref="fl-e"/>
      </object_component>
      <object_component id="oc-1db">
         <name>.debug_info</name>
         <load_address>0x5b02</load_address>
         <run_address>0x5b02</run_address>
         <size>0x1d2</size>
         <input_file_ref idref="fl-e"/>
      </object_component>
      <object_component id="oc-306">
         <name>.debug_info</name>
         <load_address>0x5cd4</load_address>
         <run_address>0x5cd4</run_address>
         <size>0x1b3</size>
         <input_file_ref idref="fl-e"/>
      </object_component>
      <object_component id="oc-1e1">
         <name>.debug_info</name>
         <load_address>0x5e87</load_address>
         <run_address>0x5e87</run_address>
         <size>0x1b4</size>
         <input_file_ref idref="fl-e"/>
      </object_component>
      <object_component id="oc-1cf">
         <name>.debug_info</name>
         <load_address>0x603b</load_address>
         <run_address>0x603b</run_address>
         <size>0x242</size>
         <input_file_ref idref="fl-e"/>
      </object_component>
      <object_component id="oc-3e1">
         <name>.debug_info</name>
         <load_address>0x627d</load_address>
         <run_address>0x627d</run_address>
         <size>0x9d</size>
         <input_file_ref idref="fl-e"/>
      </object_component>
      <object_component id="oc-340">
         <name>.debug_info</name>
         <load_address>0x631a</load_address>
         <run_address>0x631a</run_address>
         <size>0x5ac</size>
         <input_file_ref idref="fl-f"/>
      </object_component>
      <object_component id="oc-283">
         <name>.debug_info</name>
         <load_address>0x68c6</load_address>
         <run_address>0x68c6</run_address>
         <size>0xf5</size>
         <input_file_ref idref="fl-f"/>
      </object_component>
      <object_component id="oc-4cc">
         <name>.debug_info</name>
         <load_address>0x69bb</load_address>
         <run_address>0x69bb</run_address>
         <size>0x16f</size>
         <input_file_ref idref="fl-f"/>
      </object_component>
      <object_component id="oc-54b">
         <name>.debug_info</name>
         <load_address>0x6b2a</load_address>
         <run_address>0x6b2a</run_address>
         <size>0x25d</size>
         <input_file_ref idref="fl-f"/>
      </object_component>
      <object_component id="oc-4d2">
         <name>.debug_info</name>
         <load_address>0x6d87</load_address>
         <run_address>0x6d87</run_address>
         <size>0x199</size>
         <input_file_ref idref="fl-f"/>
      </object_component>
      <object_component id="oc-4d8">
         <name>.debug_info</name>
         <load_address>0x6f20</load_address>
         <run_address>0x6f20</run_address>
         <size>0x129</size>
         <input_file_ref idref="fl-f"/>
      </object_component>
      <object_component id="oc-4e3">
         <name>.debug_info</name>
         <load_address>0x7049</load_address>
         <run_address>0x7049</run_address>
         <size>0x12f</size>
         <input_file_ref idref="fl-f"/>
      </object_component>
      <object_component id="oc-561">
         <name>.debug_info</name>
         <load_address>0x7178</load_address>
         <run_address>0x7178</run_address>
         <size>0x192</size>
         <input_file_ref idref="fl-f"/>
      </object_component>
      <object_component id="oc-4e9">
         <name>.debug_info</name>
         <load_address>0x730a</load_address>
         <run_address>0x730a</run_address>
         <size>0x16f</size>
         <input_file_ref idref="fl-f"/>
      </object_component>
      <object_component id="oc-568">
         <name>.debug_info</name>
         <load_address>0x7479</load_address>
         <run_address>0x7479</run_address>
         <size>0x200</size>
         <input_file_ref idref="fl-f"/>
      </object_component>
      <object_component id="oc-4ef">
         <name>.debug_info</name>
         <load_address>0x7679</load_address>
         <run_address>0x7679</run_address>
         <size>0x179</size>
         <input_file_ref idref="fl-f"/>
      </object_component>
      <object_component id="oc-43b">
         <name>.debug_info</name>
         <load_address>0x77f2</load_address>
         <run_address>0x77f2</run_address>
         <size>0x2de</size>
         <input_file_ref idref="fl-f"/>
      </object_component>
      <object_component id="oc-418">
         <name>.debug_info</name>
         <load_address>0x7ad0</load_address>
         <run_address>0x7ad0</run_address>
         <size>0x141</size>
         <input_file_ref idref="fl-f"/>
      </object_component>
      <object_component id="oc-2d0">
         <name>.debug_info</name>
         <load_address>0x7c11</load_address>
         <run_address>0x7c11</run_address>
         <size>0x1e1</size>
         <input_file_ref idref="fl-f"/>
      </object_component>
      <object_component id="oc-2aa">
         <name>.debug_info</name>
         <load_address>0x7df2</load_address>
         <run_address>0x7df2</run_address>
         <size>0x248</size>
         <input_file_ref idref="fl-f"/>
      </object_component>
      <object_component id="oc-27e">
         <name>.debug_info</name>
         <load_address>0x803a</load_address>
         <run_address>0x803a</run_address>
         <size>0x195</size>
         <input_file_ref idref="fl-f"/>
      </object_component>
      <object_component id="oc-1c0">
         <name>.debug_info</name>
         <load_address>0x81cf</load_address>
         <run_address>0x81cf</run_address>
         <size>0x153</size>
         <input_file_ref idref="fl-f"/>
      </object_component>
      <object_component id="oc-50e">
         <name>.debug_info</name>
         <load_address>0x8322</load_address>
         <run_address>0x8322</run_address>
         <size>0x132</size>
         <input_file_ref idref="fl-f"/>
      </object_component>
      <object_component id="oc-424">
         <name>.debug_info</name>
         <load_address>0x8454</load_address>
         <run_address>0x8454</run_address>
         <size>0x19d</size>
         <input_file_ref idref="fl-f"/>
      </object_component>
      <object_component id="oc-37b">
         <name>.debug_info</name>
         <load_address>0x85f1</load_address>
         <run_address>0x85f1</run_address>
         <size>0x133</size>
         <input_file_ref idref="fl-f"/>
      </object_component>
      <object_component id="oc-3a4">
         <name>.debug_info</name>
         <load_address>0x8724</load_address>
         <run_address>0x8724</run_address>
         <size>0x15a</size>
         <input_file_ref idref="fl-f"/>
      </object_component>
      <object_component id="oc-3b7">
         <name>.debug_info</name>
         <load_address>0x887e</load_address>
         <run_address>0x887e</run_address>
         <size>0x19f</size>
         <input_file_ref idref="fl-f"/>
      </object_component>
      <object_component id="oc-404">
         <name>.debug_info</name>
         <load_address>0x8a1d</load_address>
         <run_address>0x8a1d</run_address>
         <size>0x2c</size>
         <input_file_ref idref="fl-f"/>
      </object_component>
      <object_component id="oc-4de">
         <name>.debug_info</name>
         <load_address>0x8a49</load_address>
         <run_address>0x8a49</run_address>
         <size>0x127</size>
         <input_file_ref idref="fl-10"/>
      </object_component>
      <object_component id="oc-554">
         <name>.debug_info</name>
         <load_address>0x8b70</load_address>
         <run_address>0x8b70</run_address>
         <size>0x10b</size>
         <input_file_ref idref="fl-10"/>
      </object_component>
      <object_component id="oc-490">
         <name>.debug_info</name>
         <load_address>0x8c7b</load_address>
         <run_address>0x8c7b</run_address>
         <size>0x1f0</size>
         <input_file_ref idref="fl-12"/>
      </object_component>
      <object_component id="oc-396">
         <name>.debug_info</name>
         <load_address>0x8e6b</load_address>
         <run_address>0x8e6b</run_address>
         <size>0x174</size>
         <input_file_ref idref="fl-12"/>
      </object_component>
      <object_component id="oc-362">
         <name>.debug_info</name>
         <load_address>0x8fdf</load_address>
         <run_address>0x8fdf</run_address>
         <size>0x4a1</size>
         <input_file_ref idref="fl-15"/>
      </object_component>
      <object_component id="oc-392">
         <name>.debug_info</name>
         <load_address>0x9480</load_address>
         <run_address>0x9480</run_address>
         <size>0x1c7</size>
         <input_file_ref idref="fl-15"/>
      </object_component>
      <object_component id="oc-457">
         <name>.debug_info</name>
         <load_address>0x9647</load_address>
         <run_address>0x9647</run_address>
         <size>0x174</size>
         <input_file_ref idref="fl-15"/>
      </object_component>
      <object_component id="oc-38d">
         <name>.debug_info</name>
         <load_address>0x97bb</load_address>
         <run_address>0x97bb</run_address>
         <size>0x1a5</size>
         <input_file_ref idref="fl-15"/>
      </object_component>
      <object_component id="oc-2b0">
         <name>.debug_info</name>
         <load_address>0x9960</load_address>
         <run_address>0x9960</run_address>
         <size>0x235</size>
         <input_file_ref idref="fl-15"/>
      </object_component>
      <object_component id="oc-2a4">
         <name>.debug_info</name>
         <load_address>0x9b95</load_address>
         <run_address>0x9b95</run_address>
         <size>0x30d</size>
         <input_file_ref idref="fl-15"/>
      </object_component>
      <object_component id="oc-29e">
         <name>.debug_info</name>
         <load_address>0x9ea2</load_address>
         <run_address>0x9ea2</run_address>
         <size>0x1c7</size>
         <input_file_ref idref="fl-15"/>
      </object_component>
      <object_component id="oc-358">
         <name>.debug_info</name>
         <load_address>0xa069</load_address>
         <run_address>0xa069</run_address>
         <size>0x1cb</size>
         <input_file_ref idref="fl-15"/>
      </object_component>
      <object_component id="oc-45d">
         <name>.debug_info</name>
         <load_address>0xa234</load_address>
         <run_address>0xa234</run_address>
         <size>0x27f</size>
         <input_file_ref idref="fl-15"/>
      </object_component>
      <object_component id="oc-35e">
         <name>.debug_info</name>
         <load_address>0xa4b3</load_address>
         <run_address>0xa4b3</run_address>
         <size>0x228</size>
         <input_file_ref idref="fl-15"/>
      </object_component>
      <object_component id="oc-28c">
         <name>.debug_info</name>
         <load_address>0xa6db</load_address>
         <run_address>0xa6db</run_address>
         <size>0x22d</size>
         <input_file_ref idref="fl-15"/>
      </object_component>
      <object_component id="oc-468">
         <name>.debug_info</name>
         <load_address>0xa908</load_address>
         <run_address>0xa908</run_address>
         <size>0x76</size>
         <input_file_ref idref="fl-15"/>
      </object_component>
      <object_component id="oc-463">
         <name>.debug_info</name>
         <load_address>0xa97e</load_address>
         <run_address>0xa97e</run_address>
         <size>0xcc</size>
         <input_file_ref idref="fl-15"/>
      </object_component>
      <object_component id="oc-e2">
         <name>.debug_info</name>
         <load_address>0xaa4a</load_address>
         <run_address>0xaa4a</run_address>
         <size>0x3db</size>
         <input_file_ref idref="fl-16"/>
      </object_component>
      <object_component id="oc-451">
         <name>.debug_info</name>
         <load_address>0xae25</load_address>
         <run_address>0xae25</run_address>
         <size>0x19d</size>
         <input_file_ref idref="fl-16"/>
      </object_component>
      <object_component id="oc-53c">
         <name>.debug_info</name>
[...]
         <value>0x2000d695</value>
         <object_component_ref idref="oc-303"/>
      </symbol>
      <symbol id="sm-1e3">
         <name>outPinStrengths</name>
         <value>0x2000ec58</value>
         <object_component_ref idref="oc-2e6"/>
      </symbol>
      <symbol id="sm-1e4">
         <name>GPIO_enableInt</name>
         <value>0x2000da19</value>
         <object_component_ref idref="oc-1e4"/>
      </symbol>
      <symbol id="sm-1e5">
         <name>inPinTypes</name>
         <value>0x2000ec52</value>
         <object_component_ref idref="oc-2ec"/>
      </symbol>
      <symbol id="sm-1e6">
         <name>outPinTypes</name>
         <value>0x2000ec44</value>
         <object_component_ref idref="oc-2e9"/>
      </symbol>
      <symbol id="sm-1e7">
         <name>GPIO_write</name>
         <value>0x2000d875</value>
         <object_component_ref idref="oc-1d8"/>
      </symbol>
      <symbol id="sm-1e8">
         <name>GPIO_setCallback</name>
         <value>0x2000d7bd</value>
         <object_component_ref idref="oc-1de"/>
      </symbol>
      <symbol id="sm-1e9">
         <name>GPIO_hwiIntFxn</name>
         <value>0x2000d545</value>
         <object_component_ref idref="oc-2f2"/>
      </symbol>
      <symbol id="sm-321">
         <name>PowerCC32XX_contextSave</name>
         <value>0x2000ec68</value>
      </symbol>
      <symbol id="sm-322">
         <name>PowerCC32XX_configureWakeup</name>
         <value>0x2000ce7d</value>
         <object_component_ref idref="oc-27c"/>
      </symbol>
      <symbol id="sm-323">
         <name>Power_registerNotify</name>
         <value>0x2000e099</value>
         <object_component_ref idref="oc-2a8"/>
      </symbol>
      <symbol id="sm-324">
         <name>PowerCC32XX_restoreParkedPin</name>
         <value>0x2000e015</value>
         <object_component_ref idref="oc-566"/>
      </symbol>
      <symbol id="sm-325">
         <name>Power_sleep</name>
         <value>0x2000c935</value>
         <object_component_ref idref="oc-439"/>
      </symbol>
      <symbol id="sm-326">
         <name>Power_idleFunc</name>
         <value>0x2000e219</value>
         <object_component_ref idref="oc-50c"/>
      </symbol>
      <symbol id="sm-327">
         <name>Power_getConstraintMask</name>
         <value>0x2000e3cd</value>
         <object_component_ref idref="oc-416"/>
      </symbol>
      <symbol id="sm-328">
         <name>Power_disablePolicy</name>
         <value>0x2000e2c9</value>
         <object_component_ref idref="oc-3a2"/>
      </symbol>
      <symbol id="sm-329">
         <name>Power_init</name>
         <value>0x2000d3bd</value>
         <object_component_ref idref="oc-1be"/>
      </symbol>
      <symbol id="sm-32a">
         <name>PowerCC32XX_setParkState</name>
         <value>0x2000d6f9</value>
         <object_component_ref idref="oc-3b5"/>
      </symbol>
      <symbol id="sm-32b">
         <name>Power_getDependencyCount</name>
         <value>0x2000e2dd</value>
         <object_component_ref idref="oc-55f"/>
      </symbol>
      <symbol id="sm-32c">
         <name>Power_enablePolicy</name>
         <value>0x2000e375</value>
         <object_component_ref idref="oc-379"/>
      </symbol>
      <symbol id="sm-32d">
         <name>PowerCC32XX_parkPin</name>
         <value>0x2000da65</value>
         <object_component_ref idref="oc-549"/>
      </symbol>
      <symbol id="sm-32e">
         <name>PowerCC32XX_module</name>
         <value>0x2000e718</value>
         <object_component_ref idref="oc-282"/>
      </symbol>
      <symbol id="sm-32f">
         <name>Power_getTransitionLatency</name>
         <value>0x2000e201</value>
         <object_component_ref idref="oc-422"/>
      </symbol>
      <symbol id="sm-330">
         <name>Power_setDependency</name>
         <value>0x2000d4c5</value>
         <object_component_ref idref="oc-2ce"/>
      </symbol>
      <symbol id="sm-341">
         <name>PowerCC32XX_enterLPDS</name>
         <value>0x2000dc5d</value>
         <object_component_ref idref="oc-4dc"/>
      </symbol>
      <symbol id="sm-342">
         <name>PowerCC32XX_resumeLPDS</name>
         <value>0x2000d925</value>
         <object_component_ref idref="oc-552"/>
      </symbol>
      <symbol id="sm-351">
         <name>List_put</name>
         <value>0x2000e0e9</value>
         <object_component_ref idref="oc-395"/>
      </symbol>
      <symbol id="sm-3cd">
         <name>SemaphoreP_defaultParams</name>
         <value>0x2000e9b0</value>
         <object_component_ref idref="oc-456"/>
      </symbol>
      <symbol id="sm-3ce">
         <name>SemaphoreP_construct</name>
         <value>0x2000d9c9</value>
         <object_component_ref idref="oc-45a"/>
      </symbol>
      <symbol id="sm-3cf">
         <name>SemaphoreP_create</name>
         <value>0x2000e275</value>
         <object_component_ref idref="oc-35b"/>
      </symbol>
      <symbol id="sm-3d0">
         <name>SemaphoreP_post</name>
         <value>0x2000dca1</value>
         <object_component_ref idref="oc-2ae"/>
      </symbol>
      <symbol id="sm-3d1">
         <name>SemaphoreP_pend</name>
         <value>0x2000cf25</value>
         <object_component_ref idref="oc-2a2"/>
      </symbol>
      <symbol id="sm-3d2">
         <name>SemaphoreP_delete</name>
         <value>0x2000e3ff</value>
         <object_component_ref idref="oc-29c"/>
      </symbol>
      <symbol id="sm-3d3">
         <name>SemaphoreP_createBinary</name>
         <value>0x2000e1c9</value>
         <object_component_ref idref="oc-28a"/>
      </symbol>
      <symbol id="sm-3d4">
         <name>SemaphoreP_Params_init</name>
         <value>0x2000e385</value>
         <object_component_ref idref="oc-355"/>
      </symbol>
      <symbol id="sm-3d5">
         <name>clkFxn</name>
         <value>0x2000e10f</value>
         <object_component_ref idref="oc-38b"/>
      </symbol>
      <symbol id="sm-495">
         <name>ClockP_ctrl</name>
         <value>0x2000edc8</value>
      </symbol>
      <symbol id="sm-496">
         <name>ClockP_doTick</name>
         <value>0x2000d979</value>
         <object_component_ref idref="oc-79"/>
      </symbol>
      <symbol id="sm-497">
         <name>ClockP_startup</name>
         <value>0x2000df7d</value>
         <object_component_ref idref="oc-4bb"/>
      </symbol>
      <symbol id="sm-498">
         <name>ClockP_stop</name>
         <value>0x2000dbd5</value>
         <object_component_ref idref="oc-482"/>
      </symbol>
      <symbol id="sm-499">
         <name>ClockP_getTicksUntilInterrupt</name>
         <value>0x2000df49</value>
         <object_component_ref idref="oc-41c"/>
      </symbol>
      <symbol id="sm-49a">
         <name>ClockP_setTicks</name>
         <value>0x2000e355</value>
         <object_component_ref idref="oc-444"/>
      </symbol>
      <symbol id="sm-49b">
         <name>ClockP_tickPeriod</name>
         <value>0x2000e9c0</value>
         <object_component_ref idref="oc-450"/>
      </symbol>
      <symbol id="sm-49c">
         <name>ClockP_getSystemTicks</name>
         <value>0x2000e345</value>
         <object_component_ref idref="oc-428"/>
      </symbol>
      <symbol id="sm-49d">
         <name>ClockP_destruct</name>
         <value>0x2000ddf1</value>
         <object_component_ref idref="oc-385"/>
      </symbol>
      <symbol id="sm-49e">
         <name>ClockP_start</name>
         <value>0x2000dfe5</value>
         <object_component_ref idref="oc-373"/>
      </symbol>
      <symbol id="sm-49f">
         <name>ClockP_sysTickHandler</name>
         <value>0x2000d979</value>
         <object_component_ref idref="oc-79"/>
      </symbol>
      <symbol id="sm-4a0">
         <name>ClockP_isActive</name>
         <value>0x2000e3d9</value>
         <object_component_ref idref="oc-37f"/>
      </symbol>
      <symbol id="sm-4a1">
         <name>ClockP_getCpuFreq</name>
         <value>0x2000e335</value>
         <object_component_ref idref="oc-40a"/>
      </symbol>
      <symbol id="sm-4a2">
         <name>ClockP_add</name>
         <value>0x2000e325</value>
         <object_component_ref idref="oc-36d"/>
      </symbol>
      <symbol id="sm-513">
         <name>HwiP_construct</name>
         <value>0x2000d221</value>
         <object_component_ref idref="oc-3c7"/>
      </symbol>
      <symbol id="sm-514">
         <name>HwiP_inISR</name>
         <value>0x2000e2a1</value>
         <object_component_ref idref="oc-39c"/>
      </symbol>
      <symbol id="sm-515">
         <name>HwiP_dispatch</name>
         <value>0x2000e111</value>
         <object_component_ref idref="oc-4a2"/>
      </symbol>
      <symbol id="sm-516">
         <name>HwiP_swiPIntNum</name>
         <value>0x2000e9bc</value>
         <object_component_ref idref="oc-4a8"/>
      </symbol>
      <symbol id="sm-517">
         <name>HwiP_Params_init</name>
         <value>0x2000e2f1</value>
         <object_component_ref idref="oc-2d4"/>
      </symbol>
      <symbol id="sm-518">
         <name>HwiP_disable</name>
         <value>0x2000e395</value>
         <object_component_ref idref="oc-290"/>
      </symbol>
      <symbol id="sm-519">
         <name>HwiP_key</name>
         <value>0x2000e9b8</value>
         <object_component_ref idref="oc-4a8"/>
      </symbol>
      <symbol id="sm-51a">
         <name>HwiP_create</name>
         <value>0x2000e045</value>
         <object_component_ref idref="oc-2da"/>
      </symbol>
      <symbol id="sm-51b">
         <name>HwiP_post</name>
         <value>0x2000e3fb</value>
         <object_component_ref idref="oc-502"/>
      </symbol>
      <symbol id="sm-51c">
         <name>HwiP_enable</name>
         <value>0x2000e3a3</value>
         <object_component_ref idref="oc-158"/>
      </symbol>
      <symbol id="sm-51d">
         <name>HwiP_restore</name>
         <value>0x2000e365</value>
         <object_component_ref idref="oc-296"/>
      </symbol>
      <symbol id="sm-54d">
         <name>PowerCC32XX_initPolicy</name>
         <value>0x2000d977</value>
         <object_component_ref idref="oc-344"/>
      </symbol>
      <symbol id="sm-54e">
         <name>PowerCC32XX_sleepPolicy</name>
         <value>0x2000c651</value>
         <object_component_ref idref="oc-34a"/>
      </symbol>
      <symbol id="sm-5a3">
         <name>resetISR</name>
         <value>0x2000e1e5</value>
         <object_component_ref idref="oc-21"/>
      </symbol>
      <symbol id="sm-5a4">
         <name>resetVectorAddr</name>
         <value>0x2000e1f8</value>
         <object_component_ref idref="oc-21"/>
      </symbol>
      <symbol id="sm-5a5">
         <name>initVectors</name>
         <value>0x2000ded9</value>
         <object_component_ref idref="oc-59"/>
      </symbol>
      <symbol id="sm-5a6">
         <name>resetVectors</name>
         <value>0x20004000</value>
         <object_component_ref idref="oc-27"/>
      </symbol>
      <symbol id="sm-5d6">
         <name>SwiP_disable</name>
         <value>0x2000e175</value>
         <object_component_ref idref="oc-410"/>
      </symbol>
      <symbol id="sm-5d7">
         <name>SwiP_restore</name>
         <value>0x2000dce5</value>
         <object_component_ref idref="oc-44a"/>
      </symbol>
      <symbol id="sm-5e2">
         <name>CPUcpsid</name>
         <value>0x2000e28b</value>
         <object_component_ref idref="oc-a3"/>
      </symbol>
      <symbol id="sm-627">
         <name>IntVTableBaseSet</name>
         <value>0x2000e2b5</value>
         <object_component_ref idref="oc-af"/>
      </symbol>
      <symbol id="sm-628">
         <name>IntEnable</name>
         <value>0x2000cdd5</value>
         <object_component_ref idref="oc-b5"/>
      </symbol>
      <symbol id="sm-629">
         <name>IntMasterDisable</name>
         <value>0x2000e3e3</value>
         <object_component_ref idref="oc-53"/>
      </symbol>
      <symbol id="sm-62a">
         <name>IntPendSet</name>
         <value>0x2000d2ad</value>
         <object_component_ref idref="oc-575"/>
      </symbol>
      <symbol id="sm-664">
         <name>PinModeGet</name>
         <value>0x2000dfb1</value>
         <object_component_ref idref="oc-26f"/>
      </symbol>
      <symbol id="sm-665">
         <name>PinConfigSet</name>
         <value>0x2000d335</value>
         <object_component_ref idref="oc-2c8"/>
      </symbol>
      <symbol id="sm-666">
         <name>PinModeSet</name>
         <value>0x2000ddb1</value>
         <object_component_ref idref="oc-275"/>
      </symbol>
      <symbol id="sm-667">
         <name>PinToPadGet</name>
         <value>0x2000e159</value>
         <object_component_ref idref="oc-543"/>
      </symbol>
      <symbol id="sm-730">
         <name>PRCMLPDSRestoreInfoSet</name>
         <value>0x2000dc19</value>
         <object_component_ref idref="oc-557"/>
      </symbol>
      <symbol id="sm-731">
         <name>PRCMPeripheralReset</name>
         <value>0x2000d8cd</value>
         <object_component_ref idref="oc-263"/>
      </symbol>
      <symbol id="sm-732">
         <name>PRCMLPDSEnter</name>
         <value>0x2000db45</value>
         <object_component_ref idref="oc-4f3"/>
      </symbol>
      <symbol id="sm-733">
         <name>PRCMPeripheralClkEnable</name>
         <value>0x2000db8d</value>
         <object_component_ref idref="oc-25d"/>
      </symbol>
      <symbol id="sm-734">
         <name>PRCMLPDSEnterKeepDebugIf</name>
         <value>0x2000de69</value>
         <object_component_ref idref="oc-4f9"/>
      </symbol>
      <symbol id="sm-735">
         <name>PRCMCC3200MCUInit</name>
         <value>0x2000c041</value>
         <object_component_ref idref="oc-1b8"/>
      </symbol>
      <symbol id="sm-736">
         <name>PRCMHIBRegWrite</name>
         <value>0x2000e25f</value>
         <object_component_ref idref="oc-251"/>
      </symbol>
      <symbol id="sm-737">
         <name>PRCMSysResetCauseGet</name>
         <value>0x2000d75d</value>
         <object_component_ref idref="oc-24a"/>
      </symbol>
      <symbol id="sm-738">
         <name>PRCMPeripheralClkDisable</name>
         <value>0x2000e071</value>
         <object_component_ref idref="oc-269"/>
      </symbol>
      <symbol id="sm-739">
         <name>PRCMHIBRegRead</name>
         <value>0x2000e249</value>
         <object_component_ref idref="oc-257"/>
      </symbol>
      <symbol id="sm-73e">
         <name>UtilsDelay</name>
         <value>0x2000e3f5</value>
         <object_component_ref idref="oc-250"/>
      </symbol>
      <symbol id="sm-74e">
         <name>FlashDisable</name>
         <value>0x2000dafd</value>
         <object_component_ref idref="oc-56d"/>
      </symbol>
      <symbol id="sm-757">
         <name>__aeabi_lmul</name>
         <value>0x2000e231</value>
         <object_component_ref idref="oc-43f"/>
      </symbol>
      <symbol id="sm-772">
         <name>memcpy</name>
         <value>0x2000cfc5</value>
         <object_component_ref idref="oc-3b"/>
      </symbol>
      <symbol id="sm-773">
         <name>__aeabi_memcpy</name>
         <value>0x2000cfc5</value>
         <object_component_ref idref="oc-3b"/>
      </symbol>
      <symbol id="sm-774">
         <name>__aeabi_memcpy8</name>
         <value>0x2000cfc5</value>
         <object_component_ref idref="oc-3b"/>
      </symbol>
      <symbol id="sm-775">
         <name>__aeabi_memcpy4</name>
         <value>0x2000cfc5</value>
         <object_component_ref idref="oc-3b"/>
      </symbol>
      <symbol id="sm-782">
         <name>__aeabi_uldivmod</name>
         <value>0x2000d0f9</value>
         <object_component_ref idref="oc-434"/>
      </symbol>
      <symbol id="sm-796">
         <name>__TI_zero_init_nomemset</name>
         <value>0x2000e191</value>
         <object_component_ref idref="oc-47"/>
      </symbol>
      <symbol id="sm-7ad">
         <name>__TI_decompress_none</name>
         <value>0x2000e3b1</value>
         <object_component_ref idref="oc-1a"/>
      </symbol>
      <symbol id="sm-7d0">
         <name>__TI_decompress_lzss</name>
         <value>0x2000d62d</value>
         <object_component_ref idref="oc-14"/>
      </symbol>
      <symbol id="sm-859">
         <name>_sys_memory</name>
         <value>0x20004040</value>
         <object_component_ref idref="oc-2a"/>
      </symbol>
      <symbol id="sm-85a">
         <name>free</name>
         <value>0x2000cb6d</value>
         <object_component_ref idref="oc-366"/>
      </symbol>
      <symbol id="sm-85b">
         <name>memalign</name>
         <value>0x2000ca6d</value>
         <object_component_ref idref="oc-498"/>
      </symbol>
      <symbol id="sm-85c">
         <name>malloc</name>
         <value>0x2000e3ed</value>
         <object_component_ref idref="oc-3c1"/>
      </symbol>
      <symbol id="sm-85d">
         <name>aligned_alloc</name>
         <value>0x2000ca6d</value>
         <object_component_ref idref="oc-498"/>
      </symbol>
      <symbol id="sm-86f">
         <name>__stack</name>
         <value>0x20003000</value>
         <object_component_ref idref="oc-2d"/>
      </symbol>
      <symbol id="sm-870">
         <name>_c_int00_noargs</name>
         <value>0x2000e135</value>
         <object_component_ref idref="oc-c5"/>
      </symbol>
      <symbol id="sm-87a">
         <name>__aeabi_idiv0</name>
         <value>0x2000e40b</value>
         <object_component_ref idref="oc-4c4"/>
      </symbol>
      <symbol id="sm-87b">
         <name>__aeabi_ldiv0</name>
         <value>0x2000e40b</value>
         <object_component_ref idref="oc-4c4"/>
      </symbol>
      <symbol id="sm-8a4">
         <name>__TI_auto_init_nobinit_nopinit</name>
         <value>0x2000dd29</value>
         <object_component_ref idref="oc-171"/>
      </symbol>
      <symbol id="sm-8ae">
         <name>_system_pre_init</name>
         <value>0x2000e403</value>
         <object_component_ref idref="oc-114"/>
      </symbol>
      <symbol id="sm-8ba">
         <name>C$$EXIT</name>
         <value>0x2000e407</value>
         <object_component_ref idref="oc-165"/>
      </symbol>
      <symbol id="sm-8bb">
         <name>abort</name>
         <value>0x2000e407</value>
         <object_component_ref idref="oc-165"/>
      </symbol>
      <symbol id="sm-8d0">
         <name>_nop</name>
         <value>0x2000de67</value>
         <object_component_ref idref="oc-30c"/>
      </symbol>
      <symbol id="sm-8d1">
         <name>_lock</name>
         <value>0x2000e9a0</value>
         <object_component_ref idref="oc-1f5"/>
      </symbol>
      <symbol id="sm-8d2">
         <name>_unlock</name>
         <value>0x2000e9a4</value>
         <object_component_ref idref="oc-1f5"/>
      </symbol>
      <symbol id="sm-8d4">
         <name>__TI_static_base__</name>
         <value>0x2000edf0</value>
      </symbol>
      <symbol id="sm-8d7">
         <name>ITM_flush</name>
         <value>0x0</value>
      </symbol>
      <symbol id="sm-8d8">
         <name>ITM_restore</name>
         <value>0x0</value>
      </symbol>
      <symbol id="sm-8d9">
         <name>__mpu_init</name>
         <value>0x0</value>
      </symbol>
      <symbol id="sm-8da">
         <name>_system_post_cinit</name>
         <value>0x0</value>
      </symbol>
      <symbol id="sm-8db">
         <name>NoRTOS_start</name>
         <value>0x2000e3a3</value>
      </symbol>
   </symbol_table>
   <title>Link successful</title>
</link_info>
